Archive member included to satisfy reference by file (symbol)

C:\Users\kris7\AppData\Local\Temp\VMBuilds\ArduLED Arduino\Arduino_STM32_genericSTM32F103C\Debug\core.a(exc.S.o)
                              (__exc_nmi)
C:\Users\kris7\AppData\Local\Temp\VMBuilds\ArduLED Arduino\Arduino_STM32_genericSTM32F103C\Debug\core.a(isrs.S.o)
                              (__stm32reservedexception7)
C:\Users\kris7\AppData\Local\Temp\VMBuilds\ArduLED Arduino\Arduino_STM32_genericSTM32F103C\Debug\core.a(vector_table.S.o)
                              (__stm32_vector_table)
C:\Users\kris7\AppData\Local\Temp\VMBuilds\ArduLED Arduino\Arduino_STM32_genericSTM32F103C\Debug\core.a(adc.c.o)
                              C:\Users\kris7\AppData\Local\Temp\VMBCore\arduino16x\9a1ba5d1810806fb6f8c5362d40e1c52\variant\boards.cpp.o (adc_set_sample_rate)
C:\Users\kris7\AppData\Local\Temp\VMBuilds\ArduLED Arduino\Arduino_STM32_genericSTM32F103C\Debug\core.a(adc_f1.c.o)
                              C:\Users\kris7\AppData\Local\Temp\VMBuilds\ArduLED Arduino\Arduino_STM32_genericSTM32F103C\Debug\core.a(vector_table.S.o) (__irq_adc)
C:\Users\kris7\AppData\Local\Temp\VMBuilds\ArduLED Arduino\Arduino_STM32_genericSTM32F103C\Debug\core.a(dma_f1.c.o)
                              C:\Users\kris7\AppData\Local\Temp\VMBuilds\ArduLED Arduino\Arduino_STM32_genericSTM32F103C\Debug\core.a(vector_table.S.o) (__irq_dma1_channel1)
C:\Users\kris7\AppData\Local\Temp\VMBuilds\ArduLED Arduino\Arduino_STM32_genericSTM32F103C\Debug\core.a(exti.c.o)
                              C:\Users\kris7\AppData\Local\Temp\VMBuilds\ArduLED Arduino\Arduino_STM32_genericSTM32F103C\Debug\core.a(vector_table.S.o) (__irq_exti0)
C:\Users\kris7\AppData\Local\Temp\VMBuilds\ArduLED Arduino\Arduino_STM32_genericSTM32F103C\Debug\core.a(exti_f1.c.o)
                              C:\Users\kris7\AppData\Local\Temp\VMBuilds\ArduLED Arduino\Arduino_STM32_genericSTM32F103C\Debug\core.a(exti.c.o) (exti_select)
C:\Users\kris7\AppData\Local\Temp\VMBuilds\ArduLED Arduino\Arduino_STM32_genericSTM32F103C\Debug\core.a(flash.c.o)
                              C:\Users\kris7\AppData\Local\Temp\VMBCore\arduino16x\9a1ba5d1810806fb6f8c5362d40e1c52\variant\boards.cpp.o (flash_set_latency)
C:\Users\kris7\AppData\Local\Temp\VMBuilds\ArduLED Arduino\Arduino_STM32_genericSTM32F103C\Debug\core.a(gpio_f1.c.o)
                              C:\Users\kris7\AppData\Local\Temp\VMBCore\arduino16x\9a1ba5d1810806fb6f8c5362d40e1c52\variant\boards_setup.cpp.o (gpio_init_all)
C:\Users\kris7\AppData\Local\Temp\VMBuilds\ArduLED Arduino\Arduino_STM32_genericSTM32F103C\Debug\core.a(i2c_f1.c.o)
                              C:\Users\kris7\AppData\Local\Temp\VMBuilds\ArduLED Arduino\Arduino_STM32_genericSTM32F103C\Debug\core.a(vector_table.S.o) (__irq_i2c1_ev)
C:\Users\kris7\AppData\Local\Temp\VMBuilds\ArduLED Arduino\Arduino_STM32_genericSTM32F103C\Debug\core.a(nvic.c.o)
                              C:\Users\kris7\AppData\Local\Temp\VMBuilds\ArduLED Arduino\Arduino_STM32_genericSTM32F103C\Debug\core.a(i2c_f1.c.o) (nvic_irq_set_priority)
C:\Users\kris7\AppData\Local\Temp\VMBuilds\ArduLED Arduino\Arduino_STM32_genericSTM32F103C\Debug\core.a(rcc.c.o)
                              C:\Users\kris7\AppData\Local\Temp\VMBCore\arduino16x\9a1ba5d1810806fb6f8c5362d40e1c52\variant\boards.cpp.o (rcc_switch_sysclk)
C:\Users\kris7\AppData\Local\Temp\VMBuilds\ArduLED Arduino\Arduino_STM32_genericSTM32F103C\Debug\core.a(rcc_f1.c.o)
                              C:\Users\kris7\AppData\Local\Temp\VMBCore\arduino16x\9a1ba5d1810806fb6f8c5362d40e1c52\variant\boards.cpp.o (rcc_configure_pll)
C:\Users\kris7\AppData\Local\Temp\VMBuilds\ArduLED Arduino\Arduino_STM32_genericSTM32F103C\Debug\core.a(systick.c.o)
                              C:\Users\kris7\AppData\Local\Temp\VMBCore\arduino16x\9a1ba5d1810806fb6f8c5362d40e1c52\variant\boards.cpp.o (systick_init)
C:\Users\kris7\AppData\Local\Temp\VMBuilds\ArduLED Arduino\Arduino_STM32_genericSTM32F103C\Debug\core.a(timer.c.o)
                              C:\Users\kris7\AppData\Local\Temp\VMBCore\arduino16x\9a1ba5d1810806fb6f8c5362d40e1c52\variant\boards.cpp.o (timer_foreach)
C:\Users\kris7\AppData\Local\Temp\VMBuilds\ArduLED Arduino\Arduino_STM32_genericSTM32F103C\Debug\core.a(usart_f1.c.o)
                              C:\Users\kris7\AppData\Local\Temp\VMBuilds\ArduLED Arduino\Arduino_STM32_genericSTM32F103C\Debug\core.a(vector_table.S.o) (__irq_usart1)
C:\Users\kris7\AppData\Local\Temp\VMBuilds\ArduLED Arduino\Arduino_STM32_genericSTM32F103C\Debug\core.a(usart_private.c.o)
                              C:\Users\kris7\AppData\Local\Temp\VMBuilds\ArduLED Arduino\Arduino_STM32_genericSTM32F103C\Debug\core.a(usart_f1.c.o) (_usart_clock_freq)
C:\Users\kris7\AppData\Local\Temp\VMBuilds\ArduLED Arduino\Arduino_STM32_genericSTM32F103C\Debug\core.a(util.c.o)
[...]
Memory Configuration

Name             Origin             Length             Attributes
ram              0x20000000         0x00005000         xrw
rom              0x08002000         0x0001e000         xr
*default*        0x00000000         0xffffffff

Linker script and memory map

LOAD c:/users/kris7/appdata/local/arduino15/packages/stm32/tools/arm-none-eabi-gcc/6-2017-q2-update/bin/../lib/gcc/arm-none-eabi/6.3.1/thumb/v7-m/crti.o
LOAD c:/users/kris7/appdata/local/arduino15/packages/stm32/tools/arm-none-eabi-gcc/6-2017-q2-update/bin/../lib/gcc/arm-none-eabi/6.3.1/thumb/v7-m/crtbegin.o
LOAD c:/users/kris7/appdata/local/arduino15/packages/stm32/tools/arm-none-eabi-gcc/6-2017-q2-update/bin/../lib/gcc/arm-none-eabi/6.3.1/../../../../arm-none-eabi/lib/thumb/v7-m/crt0.o
LOAD c:/users/kris7/appdata/local/arduino15/packages/stm32/tools/arm-none-eabi-gcc/6-2017-q2-update/bin/../lib/gcc/arm-none-eabi/6.3.1/thumb/v7-m\libgcc.a
START GROUP
LOAD C:\Users\kris7\AppData\Local\Temp\VMBuilds\ArduLED Arduino\Arduino_STM32_genericSTM32F103C\Debug\ArduLED Arduino.cpp.o
LOAD C:\Users\kris7\AppData\Local\Temp\VMBuilds\ArduLED Arduino\Arduino_STM32_genericSTM32F103C\Debug\Adafruit_NeoPixel\Adafruit_NeoPixel-ANDnXOR.cpp.o
LOAD C:\Users\kris7\AppData\Local\Temp\VMBCore\arduino16x\9a1ba5d1810806fb6f8c5362d40e1c52\variant\board.cpp.o
LOAD C:\Users\kris7\AppData\Local\Temp\VMBCore\arduino16x\9a1ba5d1810806fb6f8c5362d40e1c52\variant\boards.cpp.o
LOAD C:\Users\kris7\AppData\Local\Temp\VMBCore\arduino16x\9a1ba5d1810806fb6f8c5362d40e1c52\variant\boards_setup.cpp.o
LOAD C:\Users\kris7\AppData\Local\Temp\VMBCore\arduino16x\9a1ba5d1810806fb6f8c5362d40e1c52\variant\start.S.o
LOAD C:\Users\kris7\AppData\Local\Temp\VMBCore\arduino16x\9a1ba5d1810806fb6f8c5362d40e1c52\variant\start_c.c.o
LOAD C:\Users\kris7\AppData\Local\Temp\VMBCore\arduino16x\9a1ba5d1810806fb6f8c5362d40e1c52\variant\syscalls.c.o
LOAD C:\Users\kris7\AppData\Local\Temp\VMBuilds\ArduLED Arduino\Arduino_STM32_genericSTM32F103C\Debug\core.a
END GROUP
LOAD c:/users/kris7/appdata/local/arduino15/packages/stm32/tools/arm-none-eabi-gcc/6-2017-q2-update/bin/../lib/gcc/arm-none-eabi/6.3.1/../../../../arm-none-eabi/lib/thumb/v7-m\libstdc++.a
LOAD c:/users/kris7/appdata/local/arduino15/packages/stm32/tools/arm-none-eabi-gcc/6-2017-q2-update/bin/../lib/gcc/arm-none-eabi/6.3.1/../../../../arm-none-eabi/lib/thumb/v7-m\libm.a
START GROUP
LOAD c:/users/kris7/appdata/local/arduino15/packages/stm32/tools/arm-none-eabi-gcc/6-2017-q2-update/bin/../lib/gcc/arm-none-eabi/6.3.1/thumb/v7-m\libgcc.a
LOAD c:/users/kris7/appdata/local/arduino15/packages/stm32/tools/arm-none-eabi-gcc/6-2017-q2-update/bin/../lib/gcc/arm-none-eabi/6.3.1/../../../../arm-none-eabi/lib/thumb/v7-m\libc.a
END GROUP
LOAD c:/users/kris7/appdata/local/arduino15/packages/stm32/tools/arm-none-eabi-gcc/6-2017-q2-update/bin/../lib/gcc/arm-none-eabi/6.3.1/thumb/v7-m/crtend.o
LOAD c:/users/kris7/appdata/local/arduino15/packages/stm32/tools/arm-none-eabi-gcc/6-2017-q2-update/bin/../lib/gcc/arm-none-eabi/6.3.1/thumb/v7-m/crtn.o
START GROUP
LOAD c:/users/kris7/appdata/local/arduino15/packages/stm32/tools/arm-none-eabi-gcc/6-2017-q2-update/bin/../lib/gcc/arm-none-eabi/6.3.1/thumb/v7-m\libgcc.a
LOAD c:/users/kris7/appdata/local/arduino15/packages/stm32/tools/arm-none-eabi-gcc/6-2017-q2-update/bin/../lib/gcc/arm-none-eabi/6.3.1/../../../../arm-none-eabi/lib/thumb/v7-m\libc.a
LOAD c:/users/kris7/appdata/local/arduino15/packages/stm32/tools/arm-none-eabi-gcc/6-2017-q2-update/bin/../lib/gcc/arm-none-eabi/6.3.1/../../../../arm-none-eabi/lib/thumb/v7-m\libm.a
END GROUP
START GROUP
LOAD c:/users/kris7/appdata/local/arduino15/packages/stm32/tools/arm-none-eabi-gcc/6-2017-q2-update/bin/../lib/gcc/arm-none-eabi/6.3.1/../../../../arm-none-eabi/lib/thumb/v7-m\libnosys.a
END GROUP
                0x20005000                PROVIDE (__msp_init, (ORIGIN (ram) + LENGTH (ram)))
                0x08002e88                PROVIDE (__exc_reset, __start__)

.text           0x08002000     0x50fc
                0x08002000                __text_start__ = .
 *(.stm32.interrupt_vector)
 .stm32.interrupt_vector
                0x08002000       0xec C:\Users\kris7\AppData\Local\Temp\VMBuilds\ArduLED Arduino\Arduino_STM32_genericSTM32F103C\Debug\core.a(vector_table.S.o)
                0x08002000                __stm32_vector_table
 *(.text .text.* .gnu.linkonce.t.*)
 .text          0x080020ec       0x6c c:/users/kris7/appdata/local/arduino15/packages/stm32/tools/arm-none-eabi-gcc/6-2017-q2-update/bin/../lib/gcc/arm-none-eabi/6.3.1/thumb/v7-m/crtbegin.o
 .text._ZL6microsv
                0x08002158       0x34 C:\Users\kris7\AppData\Local\Temp\VMBuilds\ArduLED Arduino\Arduino_STM32_genericSTM32F103C\Debug\ArduLED Arduino.cpp.o
 .text._Z10ShowPixelshPhih.part.1
                0x0800218c       0xac C:\Users\kris7\AppData\Local\Temp\VMBuilds\ArduLED Arduino\Arduino_STM32_genericSTM32F103C\Debug\ArduLED Arduino.cpp.o
 .text._Z6Mode_FP17Adafruit_NeoPixelPsPhsS1_S2_
                0x08002238      0x1e8 C:\Users\kris7\AppData\Local\Temp\VMBuilds\ArduLED Arduino\Arduino_STM32_genericSTM32F103C\Debug\ArduLED Arduino.cpp.o
                0x08002238                Mode_F(Adafruit_NeoPixel*, short*, unsigned char*, short, short*, unsigned char*)
 .text._Z6Mode_BP17Adafruit_NeoPixelPsPhsS1_S2_
                0x08002420       0xd4 C:\Users\kris7\AppData\Local\Temp\VMBuilds\ArduLED Arduino\Arduino_STM32_genericSTM32F103C\Debug\ArduLED Arduino.cpp.o
                0x08002420                Mode_B(Adafruit_NeoPixel*, short*, unsigned char*, short, short*, unsigned char*)
 .text._Z6Mode_WP17Adafruit_NeoPixelPssS1_Ph
                0x080024f4       0x88 C:\Users\kris7\AppData\Local\Temp\VMBuilds\ArduLED Arduino\Arduino_STM32_genericSTM32F103C\Debug\ArduLED Arduino.cpp.o
                0x080024f4                Mode_W(Adafruit_NeoPixel*, short*, short, short*, unsigned char*)
 .text._Z6Mode_IP17Adafruit_NeoPixelPs
                0x0800257c       0x2e C:\Users\kris7\AppData\Local\Temp\VMBuilds\ArduLED Arduino\Arduino_STM32_genericSTM32F103C\Debug\ArduLED Arduino.cpp.o
                0x0800257c                Mode_I(Adafruit_NeoPixel*, short*)
 .text._Z6Mode_SP17Adafruit_NeoPixelPsPhsS1_S2_
                0x080025aa       0xa0 C:\Users\kris7\AppData\Local\Temp\VMBuilds\ArduLED Arduino\Arduino_STM32_genericSTM32F103C\Debug\ArduLED Arduino.cpp.o
                0x080025aa                Mode_S(Adafruit_NeoPixel*, short*, unsigned char*, short, short*, unsigned char*)
 .text._Z12IsDigitsOnly6String
                0x0800264a       0x34 C:\Users\kris7\AppData\Local\Temp\VMBuilds\ArduLED Arduino\Arduino_STM32_genericSTM32F103C\Debug\ArduLED Arduino.cpp.o
                0x0800264a                IsDigitsOnly(String)
 *fill*         0x0800267e        0x2 
 .text._Z10ReadSerialPs
                0x08002680      0x124 C:\Users\kris7\AppData\Local\Temp\VMBuilds\ArduLED Arduino\Arduino_STM32_genericSTM32F103C\Debug\ArduLED Arduino.cpp.o
                0x08002680                ReadSerial(short*)
 .text._Z3RunP17Adafruit_NeoPixelPsPhsS1_S2_
                0x080027a4       0x86 C:\Users\kris7\AppData\Local\Temp\VMBuilds\ArduLED Arduino\Arduino_STM32_genericSTM32F103C\Debug\ArduLED Arduino.cpp.o
                0x080027a4                Run(Adafruit_NeoPixel*, short*, unsigned char*, short, short*, unsigned char*)
 *fill*         0x0800282a        0x2 
 .text._Z5setupv
                0x0800282c      0x1e4 C:\Users\kris7\AppData\Local\Temp\VMBuilds\ArduLED Arduino\Arduino_STM32_genericSTM32F103C\Debug\ArduLED Arduino.cpp.o
                0x0800282c                setup()
 .text._ZL6microsv
                0x08002a10       0x34 C:\Users\kris7\AppData\Local\Temp\VMBuilds\ArduLED Arduino\Arduino_STM32_genericSTM32F103C\Debug\Adafruit_NeoPixel\Adafruit_NeoPixel-ANDnXOR.cpp.o
 .text._ZN17Adafruit_NeoPixelC2Ethh
                0x08002a44       0x28 C:\Users\kris7\AppData\Local\Temp\VMBuilds\ArduLED Arduino\Arduino_STM32_genericSTM32F103C\Debug\Adafruit_NeoPixel\Adafruit_NeoPixel-ANDnXOR.cpp.o
                0x08002a44                Adafruit_NeoPixel::Adafruit_NeoPixel(unsigned short, unsigned char, unsigned char)
                0x08002a44                Adafruit_NeoPixel::Adafruit_NeoPixel(unsigned short, unsigned char, unsigned char)
 .text._ZN17Adafruit_NeoPixel5beginEv
                0x08002a6c       0x18 C:\Users\kris7\AppData\Local\Temp\VMBuilds\ArduLED Arduino\Arduino_STM32_genericSTM32F103C\Debug\Adafruit_NeoPixel\Adafruit_NeoPixel-ANDnXOR.cpp.o
                0x08002a6c                Adafruit_NeoPixel::begin()
 .text._ZN17Adafruit_NeoPixel4showEv
                0x08002a84       0xa0 C:\Users\kris7\AppData\Local\Temp\VMBuilds\ArduLED Arduino\Arduino_STM32_genericSTM32F103C\Debug\Adafruit_NeoPixel\Adafruit_NeoPixel-ANDnXOR.cpp.o
                0x08002a84                Adafruit_NeoPixel::show()
 .text._ZN17Adafruit_NeoPixel13setPixelColorEthhh
                0x08002b24       0x42 C:\Users\kris7\AppData\Local\Temp\VMBuilds\ArduLED Arduino\Arduino_STM32_genericSTM32F103C\Debug\Adafruit_NeoPixel\Adafruit_NeoPixel-ANDnXOR.cpp.o
                0x08002b24                Adafruit_NeoPixel::setPixelColor(unsigned short, unsigned char, unsigned char, unsigned char)
 .text._ZN17Adafruit_NeoPixel13setPixelColorEtm
                0x08002b66       0x48 C:\Users\kris7\AppData\Local\Temp\VMBuilds\ArduLED Arduino\Arduino_STM32_genericSTM32F103C\Debug\Adafruit_NeoPixel\Adafruit_NeoPixel-ANDnXOR.cpp.o
                0x08002b66                Adafruit_NeoPixel::setPixelColor(unsigned short, unsigned long)
 .text._ZN17Adafruit_NeoPixel13getPixelColorEt
                0x08002bae       0x36 C:\Users\kris7\AppData\Local\Temp\VMBuilds\ArduLED Arduino\Arduino_STM32_genericSTM32F103C\Debug\Adafruit_NeoPixel\Adafruit_NeoPixel-ANDnXOR.cpp.o
                0x08002bae                Adafruit_NeoPixel::getPixelColor(unsigned short)
 .text._ZN17Adafruit_NeoPixel9numPixelsEv
                0x08002be4        0x4 C:\Users\kris7\AppData\Local\Temp\VMBuilds\ArduLED Arduino\Arduino_STM32_genericSTM32F103C\Debug\Adafruit_NeoPixel\Adafruit_NeoPixel-ANDnXOR.cpp.o
                0x08002be4                Adafruit_NeoPixel::numPixels()
 .text._ZN17Adafruit_NeoPixel13setBrightnessEh
                0x08002be8       0x4c C:\Users\kris7\AppData\Local\Temp\VMBuilds\ArduLED Arduino\Arduino_STM32_genericSTM32F103C\Debug\Adafruit_NeoPixel\Adafruit_NeoPixel-ANDnXOR.cpp.o
                0x08002be8                Adafruit_NeoPixel::setBrightness(unsigned char)
 .text._Z9boardInitv
                0x08002c34        0x4 C:\Users\kris7\AppData\Local\Temp\VMBCore\arduino16x\9a1ba5d1810806fb6f8c5362d40e1c52\variant\board.cpp.o
                0x08002c34                boardInit()
 .text.startup._GLOBAL__sub_I__Z9boardInitv
                0x08002c38       0x48 C:\Users\kris7\AppData\Local\Temp\VMBCore\arduino16x\9a1ba5d1810806fb6f8c5362d40e1c52\variant\board.cpp.o
 .text._ZL18adc_default_configP7adc_dev
                0x08002c80       0x1c C:\Users\kris7\AppData\Local\Temp\VMBCore\arduino16x\9a1ba5d1810806fb6f8c5362d40e1c52\variant\boards.cpp.o
 .text._ZL20timer_default_configP9timer_dev
                0x08002c9c       0xa8 C:\Users\kris7\AppData\Local\Temp\VMBCore\arduino16x\9a1ba5d1810806fb6f8c5362d40e1c52\variant\boards.cpp.o
 .text._Z4initv
                0x08002d44       0xbc C:\Users\kris7\AppData\Local\Temp\VMBCore\arduino16x\9a1ba5d1810806fb6f8c5362d40e1c52\variant\boards.cpp.o
                0x08002d44                init()
 .text._ZN6wirish4priv15board_reset_pllEv
                0x08002e00        0x2 C:\Users\kris7\AppData\Local\Temp\VMBCore\arduino16x\9a1ba5d1810806fb6f8c5362d40e1c52\variant\boards_setup.cpp.o
                0x08002e00                wirish::priv::board_reset_pll()
 .text._ZN6wirish4priv28board_setup_clock_prescalersEv
                0x08002e02       0x2e C:\Users\kris7\AppData\Local\Temp\VMBCore\arduino16x\9a1ba5d1810806fb6f8c5362d40e1c52\variant\boards_setup.cpp.o
                0x08002e02                wirish::priv::board_setup_clock_prescalers()
 .text._ZN6wirish4priv16board_setup_gpioEv
                0x08002e30        0x4 C:\Users\kris7\AppData\Local\Temp\VMBCore\arduino16x\9a1ba5d1810806fb6f8c5362d40e1c52\variant\boards_setup.cpp.o
                0x08002e30                wirish::priv::board_setup_gpio()
 .text._ZN6wirish4priv15board_setup_usbEv
                0x08002e34       0x50 C:\Users\kris7\AppData\Local\Temp\VMBCore\arduino16x\9a1ba5d1810806fb6f8c5362d40e1c52\variant\boards_setup.cpp.o
                0x08002e34                wirish::priv::board_setup_usb()
 .text._ZN6wirish4priv11series_initEv
                0x08002e84        0x4 C:\Users\kris7\AppData\Local\Temp\VMBCore\arduino16x\9a1ba5d1810806fb6f8c5362d40e1c52\variant\boards_setup.cpp.o
                0x08002e84                wirish::priv::series_init()
 .text          0x08002e88       0x10 C:\Users\kris7\AppData\Local\Temp\VMBCore\arduino16x\9a1ba5d1810806fb6f8c5362d40e1c52\variant\start.S.o
                0x08002e88                __start__
 .text.start_c  0x08002e98       0x60 C:\Users\kris7\AppData\Local\Temp\VMBCore\arduino16x\9a1ba5d1810806fb6f8c5362d40e1c52\variant\start_c.c.o
                0x08002e98                start_c
 .text._sbrk    0x08002ef8       0x44 C:\Users\kris7\AppData\Local\Temp\VMBCore\arduino16x\9a1ba5d1810806fb6f8c5362d40e1c52\variant\syscalls.c.o
                0x08002ef8                _sbrk
 .text._exit    0x08002f3c        0x2 C:\Users\kris7\AppData\Local\Temp\VMBCore\arduino16x\9a1ba5d1810806fb6f8c5362d40e1c52\variant\syscalls.c.o
                0x08002f3c                _exit
 *fill*         0x08002f3e        0x2 
 .text          0x08002f40       0x54 C:\Users\kris7\AppData\Local\Temp\VMBuilds\ArduLED Arduino\Arduino_STM32_genericSTM32F103C\Debug\core.a(exc.S.o)
                0x08002f40                __exc_nmi
                0x08002f44                __exc_hardfault
                0x08002f48                __exc_memmanage
                0x08002f4c                __exc_busfault
                0x08002f50                __exc_usagefault
 .text          0x08002f94        0x2 C:\Users\kris7\AppData\Local\Temp\VMBuilds\ArduLED Arduino\Arduino_STM32_genericSTM32F103C\Debug\core.a(isrs.S.o)
                0x08002f94                __stm32reservedexception9
                0x08002f94                __exc_debug_monitor
                0x08002f94                __exc_svc
                0x08002f94                __irq_can_rx1
                0x08002f94                __irq_spi2
                0x08002f94                __irq_can_sce
                0x08002f94                __irq_pvd
                0x08002f94                __irq_tamper
                0x08002f94                __default_handler
                0x08002f94                __irq_wwdg
                0x08002f94                __stm32reservedexception10
                0x08002f94                __irq_flash
                0x08002f94                __stm32reservedexception13
                0x08002f94                __irq_rtc
                0x08002f94                __irq_spi1
                0x08002f94                __stm32reservedexception7
                0x08002f94                __irq_usb_hp_can_tx
                0x08002f94                __irq_rtcalarm
                0x08002f94                __stm32reservedexception8
                0x08002f94                __exc_pendsv
                0x08002f94                __irq_usbwakeup
                0x08002f94                __irq_rcc
 .text.adc_init
                0x08002f96       0x14 C:\Users\kris7\AppData\Local\Temp\VMBuilds\ArduLED Arduino\Arduino_STM32_genericSTM32F103C\Debug\core.a(adc.c.o)
                0x08002f96                adc_init
 .text.adc_set_extsel
                0x08002faa       0x12 C:\Users\kris7\AppData\Local\Temp\VMBuilds\ArduLED Arduino\Arduino_STM32_genericSTM32F103C\Debug\core.a(adc.c.o)
                0x08002faa                adc_set_extsel
 .text.adc_set_sample_rate
                0x08002fbc       0x34 C:\Users\kris7\AppData\Local\Temp\VMBuilds\ArduLED Arduino\Arduino_STM32_genericSTM32F103C\Debug\core.a(adc.c.o)
                0x08002fbc                adc_set_sample_rate
 .text.__irq_adc
                0x08002ff0       0x54 C:\Users\kris7\AppData\Local\Temp\VMBuilds\ArduLED Arduino\Arduino_STM32_genericSTM32F103C\Debug\core.a(adc_f1.c.o)
                0x08002ff0                __irq_adc
 .text.adc_calibrate
                0x08003044       0x24 C:\Users\kris7\AppData\Local\Temp\VMBuilds\ArduLED Arduino\Arduino_STM32_genericSTM32F103C\Debug\core.a(adc_f1.c.o)
                0x08003044                adc_calibrate
 .text.adc_set_prescaler
                0x08003068        0x8 C:\Users\kris7\AppData\Local\Temp\VMBuilds\ArduLED Arduino\Arduino_STM32_genericSTM32F103C\Debug\core.a(adc_f1.c.o)
                0x08003068                adc_set_prescaler
 .text.adc_foreach
                0x08003070       0x20 C:\Users\kris7\AppData\Local\Temp\VMBuilds\ArduLED Arduino\Arduino_STM32_genericSTM32F103C\Debug\core.a(adc_f1.c.o)
                0x08003070                adc_foreach
 .text.adc_enable_single_swstart
                0x08003090       0x36 C:\Users\kris7\AppData\Local\Temp\VMBuilds\ArduLED Arduino\Arduino_STM32_genericSTM32F103C\Debug\core.a(adc_f1.c.o)
                0x08003090                adc_enable_single_swstart
 *fill*         0x080030c6        0x2 
 .text.__irq_dma1_channel1
                0x080030c8       0x18 C:\Users\kris7\AppData\Local\Temp\VMBuilds\ArduLED Arduino\Arduino_STM32_genericSTM32F103C\Debug\core.a(dma_f1.c.o)
                0x080030c8                __irq_dma1_channel1
 .text.__irq_dma1_channel2
                0x080030e0       0x18 C:\Users\kris7\AppData\Local\Temp\VMBuilds\ArduLED Arduino\Arduino_STM32_genericSTM32F103C\Debug\core.a(dma_f1.c.o)
                0x080030e0                __irq_dma1_channel2
 .text.__irq_dma1_channel3
                0x080030f8       0x1c C:\Users\kris7\AppData\Local\Temp\VMBuilds\ArduLED Arduino\Arduino_STM32_genericSTM32F103C\Debug\core.a(dma_f1.c.o)
                0x080030f8                __irq_dma1_channel3
 .text.__irq_dma1_channel4
                0x08003114       0x1c C:\Users\kris7\AppData\Local\Temp\VMBuilds\ArduLED Arduino\Arduino_STM32_genericSTM32F103C\Debug\core.a(dma_f1.c.o)
                0x08003114                __irq_dma1_channel4
 .text.__irq_dma1_channel5
                0x08003130       0x1c C:\Users\kris7\AppData\Local\Temp\VMBuilds\ArduLED Arduino\Arduino_STM32_genericSTM32F103C\Debug\core.a(dma_f1.c.o)
                0x08003130                __irq_dma1_channel5
 .text.__irq_dma1_channel6
                0x0800314c       0x1c C:\Users\kris7\AppData\Local\Temp\VMBuilds\ArduLED Arduino\Arduino_STM32_genericSTM32F103C\Debug\core.a(dma_f1.c.o)
                0x0800314c                __irq_dma1_channel6
 .text.__irq_dma1_channel7
                0x08003168       0x1c C:\Users\kris7\AppData\Local\Temp\VMBuilds\ArduLED Arduino\Arduino_STM32_genericSTM32F103C\Debug\core.a(dma_f1.c.o)
                0x08003168                __irq_dma1_channel7
 .text.__irq_exti0
                0x08003184       0x20 C:\Users\kris7\AppData\Local\Temp\VMBuilds\ArduLED Arduino\Arduino_STM32_genericSTM32F103C\Debug\core.a(exti.c.o)
                0x08003184                __irq_exti0
 .text.__irq_exti1
                0x080031a4       0x20 C:\Users\kris7\AppData\Local\Temp\VMBuilds\ArduLED Arduino\Arduino_STM32_genericSTM32F103C\Debug\core.a(exti.c.o)
                0x080031a4                __irq_exti1
 .text.__irq_exti2
                0x080031c4       0x20 C:\Users\kris7\AppData\Local\Temp\VMBuilds\ArduLED Arduino\Arduino_STM32_genericSTM32F103C\Debug\core.a(exti.c.o)
                0x080031c4                __irq_exti2
 .text.__irq_exti3
                0x080031e4       0x20 C:\Users\kris7\AppData\Local\Temp\VMBuilds\ArduLED Arduino\Arduino_STM32_genericSTM32F103C\Debug\core.a(exti.c.o)
                0x080031e4                __irq_exti3
 .text.__irq_exti4
                0x08003204       0x20 C:\Users\kris7\AppData\Local\Temp\VMBuilds\ArduLED Arduino\Arduino_STM32_genericSTM32F103C\Debug\core.a(exti.c.o)
                0x08003204                __irq_exti4
 .text.__irq_exti9_5
                0x08003224       0x48 C:\Users\kris7\AppData\Local\Temp\VMBuilds\ArduLED Arduino\Arduino_STM32_genericSTM32F103C\Debug\core.a(exti.c.o)
                0x08003224                __irq_exti9_5
 .text.__irq_exti15_10
                0x0800326c       0x48 C:\Users\kris7\AppData\Local\Temp\VMBuilds\ArduLED Arduino\Arduino_STM32_genericSTM32F103C\Debug\core.a(exti.c.o)
                0x0800326c                __irq_exti15_10
 .text.flash_set_latency
                0x080032b4       0x14 C:\Users\kris7\AppData\Local\Temp\VMBuilds\ArduLED Arduino\Arduino_STM32_genericSTM32F103C\Debug\core.a(flash.c.o)
                0x080032b4                flash_set_latency
 .text.gpio_init_all
                0x080032c8       0x30 C:\Users\kris7\AppData\Local\Temp\VMBuilds\ArduLED Arduino\Arduino_STM32_genericSTM32F103C\Debug\core.a(gpio_f1.c.o)
                0x080032c8                gpio_init_all
 .text.gpio_set_mode
                0x080032f8       0x4e C:\Users\kris7\AppData\Local\Temp\VMBuilds\ArduLED Arduino\Arduino_STM32_genericSTM32F103C\Debug\core.a(gpio_f1.c.o)
                0x080032f8                gpio_set_mode
 .text.afio_init
                0x08003346       0x12 C:\Users\kris7\AppData\Local\Temp\VMBuilds\ArduLED Arduino\Arduino_STM32_genericSTM32F103C\Debug\core.a(gpio_f1.c.o)
                0x08003346                afio_init
 .text.__irq_i2c1_ev
                0x08003358        0xc C:\Users\kris7\AppData\Local\Temp\VMBuilds\ArduLED Arduino\Arduino_STM32_genericSTM32F103C\Debug\core.a(i2c_f1.c.o)
                0x08003358                __irq_i2c1_ev
 .text.__irq_i2c2_ev
                0x08003364        0xc C:\Users\kris7\AppData\Local\Temp\VMBuilds\ArduLED Arduino\Arduino_STM32_genericSTM32F103C\Debug\core.a(i2c_f1.c.o)
                0x08003364                __irq_i2c2_ev
 .text.__irq_i2c1_er
                0x08003370        0xc C:\Users\kris7\AppData\Local\Temp\VMBuilds\ArduLED Arduino\Arduino_STM32_genericSTM32F103C\Debug\core.a(i2c_f1.c.o)
                0x08003370                __irq_i2c1_er
 .text.__irq_i2c2_er
                0x0800337c        0xc C:\Users\kris7\AppData\Local\Temp\VMBuilds\ArduLED Arduino\Arduino_STM32_genericSTM32F103C\Debug\core.a(i2c_f1.c.o)
                0x0800337c                __irq_i2c2_er
 .text._i2c_irq_priority_fixup
                0x08003388       0x1c C:\Users\kris7\AppData\Local\Temp\VMBuilds\ArduLED Arduino\Arduino_STM32_genericSTM32F103C\Debug\core.a(i2c_f1.c.o)
                0x08003388                _i2c_irq_priority_fixup
 .text.nvic_irq_set_priority
                0x080033a4       0x28 C:\Users\kris7\AppData\Local\Temp\VMBuilds\ArduLED Arduino\Arduino_STM32_genericSTM32F103C\Debug\core.a(nvic.c.o)
                0x080033a4                nvic_irq_set_priority
 .text.nvic_init
                0x080033cc       0x2c C:\Users\kris7\AppData\Local\Temp\VMBuilds\ArduLED Arduino\Arduino_STM32_genericSTM32F103C\Debug\core.a(nvic.c.o)
                0x080033cc                nvic_init
 .text.nvic_sys_reset
                0x080033f8       0x1c C:\Users\kris7\AppData\Local\Temp\VMBuilds\ArduLED Arduino\Arduino_STM32_genericSTM32F103C\Debug\core.a(nvic.c.o)
                0x080033f8                nvic_sys_reset
 .text.rcc_dev_clk
                0x08003414        0xc C:\Users\kris7\AppData\Local\Temp\VMBuilds\ArduLED Arduino\Arduino_STM32_genericSTM32F103C\Debug\core.a(rcc.c.o)
                0x08003414                rcc_dev_clk
 .text.rcc_switch_sysclk
                0x08003420       0x20 C:\Users\kris7\AppData\Local\Temp\VMBuilds\ArduLED Arduino\Arduino_STM32_genericSTM32F103C\Debug\core.a(rcc.c.o)
                0x08003420                rcc_switch_sysclk
 .text.rcc_turn_on_clk
                0x08003440       0x18 C:\Users\kris7\AppData\Local\Temp\VMBuilds\ArduLED Arduino\Arduino_STM32_genericSTM32F103C\Debug\core.a(rcc.c.o)
                0x08003440                rcc_turn_on_clk
 .text.rcc_turn_off_clk
                0x08003458       0x1c C:\Users\kris7\AppData\Local\Temp\VMBuilds\ArduLED Arduino\Arduino_STM32_genericSTM32F103C\Debug\core.a(rcc.c.o)
                0x08003458                rcc_turn_off_clk
 .text.rcc_is_clk_ready
                0x08003474       0x18 C:\Users\kris7\AppData\Local\Temp\VMBuilds\ArduLED Arduino\Arduino_STM32_genericSTM32F103C\Debug\core.a(rcc.c.o)
                0x08003474                rcc_is_clk_ready
 .text.rcc_configure_pll
                0x0800348c       0x1c C:\Users\kris7\AppData\Local\Temp\VMBuilds\ArduLED Arduino\Arduino_STM32_genericSTM32F103C\Debug\core.a(rcc_f1.c.o)
                0x0800348c                rcc_configure_pll
 .text.rcc_clk_enable
                0x080034a8       0x30 C:\Users\kris7\AppData\Local\Temp\VMBuilds\ArduLED Arduino\Arduino_STM32_genericSTM32F103C\Debug\core.a(rcc_f1.c.o)
                0x080034a8                rcc_clk_enable
 .text.rcc_reset_dev
                0x080034d8       0x34 C:\Users\kris7\AppData\Local\Temp\VMBuilds\ArduLED Arduino\Arduino_STM32_genericSTM32F103C\Debug\core.a(rcc_f1.c.o)
                0x080034d8                rcc_reset_dev
 .text.rcc_set_prescaler
                0x0800350c       0x20 C:\Users\kris7\AppData\Local\Temp\VMBuilds\ArduLED Arduino\Arduino_STM32_genericSTM32F103C\Debug\core.a(rcc_f1.c.o)
                0x0800350c                rcc_set_prescaler
 .text.rcc_clk_disable
                0x0800352c       0x30 C:\Users\kris7\AppData\Local\Temp\VMBuilds\ArduLED Arduino\Arduino_STM32_genericSTM32F103C\Debug\core.a(rcc_f1.c.o)
                0x0800352c                rcc_clk_disable
 .text.systick_init
                0x0800355c       0x10 C:\Users\kris7\AppData\Local\Temp\VMBuilds\ArduLED Arduino\Arduino_STM32_genericSTM32F103C\Debug\core.a(systick.c.o)
                0x0800355c                systick_init
 .text.__exc_systick
                0x0800356c       0x1c C:\Users\kris7\AppData\Local\Temp\VMBuilds\ArduLED Arduino\Arduino_STM32_genericSTM32F103C\Debug\core.a(systick.c.o)
                0x0800356c                __exc_systick
 .text.timer_oc_set_mode
                0x08003588       0x32 C:\Users\kris7\AppData\Local\Temp\VMBuilds\ArduLED Arduino\Arduino_STM32_genericSTM32F103C\Debug\core.a(timer.c.o)
 .text.timer_cc_enable
                0x080035ba       0x1c C:\Users\kris7\AppData\Local\Temp\VMBuilds\ArduLED Arduino\Arduino_STM32_genericSTM32F103C\Debug\core.a(timer.c.o)
 *fill*         0x080035d6        0x2 
 .text.timer_foreach
                0x080035d8       0x2c C:\Users\kris7\AppData\Local\Temp\VMBuilds\ArduLED Arduino\Arduino_STM32_genericSTM32F103C\Debug\core.a(timer.c.o)
                0x080035d8                timer_foreach
 .text.timer_init
                0x08003604       0x14 C:\Users\kris7\AppData\Local\Temp\VMBuilds\ArduLED Arduino\Arduino_STM32_genericSTM32F103C\Debug\core.a(timer.c.o)
                0x08003604                timer_init
 .text.timer_has_cc_channel
                0x08003618       0x30 C:\Users\kris7\AppData\Local\Temp\VMBuilds\ArduLED Arduino\Arduino_STM32_genericSTM32F103C\Debug\core.a(timer.c.o)
                0x08003618                timer_has_cc_channel
 .text.timer_detach_interrupt
                0x08003648       0x1e C:\Users\kris7\AppData\Local\Temp\VMBuilds\ArduLED Arduino\Arduino_STM32_genericSTM32F103C\Debug\core.a(timer.c.o)
                0x08003648                timer_detach_interrupt
 .text.input_capture_mode
                0x08003666       0x1a C:\Users\kris7\AppData\Local\Temp\VMBuilds\ArduLED Arduino\Arduino_STM32_genericSTM32F103C\Debug\core.a(timer.c.o)
                0x08003666                input_capture_mode
 .text.timer_set_mode
                0x08003680       0x90 C:\Users\kris7\AppData\Local\Temp\VMBuilds\ArduLED Arduino\Arduino_STM32_genericSTM32F103C\Debug\core.a(timer.c.o)
                0x08003680                timer_set_mode
 .text.__irq_tim1_brk
                0x08003710       0x24 C:\Users\kris7\AppData\Local\Temp\VMBuilds\ArduLED Arduino\Arduino_STM32_genericSTM32F103C\Debug\core.a(timer.c.o)
                0x08003710                __irq_tim1_brk
 .text.__irq_tim1_up
                0x08003734       0x24 C:\Users\kris7\AppData\Local\Temp\VMBuilds\ArduLED Arduino\Arduino_STM32_genericSTM32F103C\Debug\core.a(timer.c.o)
                0x08003734                __irq_tim1_up
 .text.__irq_tim1_trg_com
                0x08003758       0x38 C:\Users\kris7\AppData\Local\Temp\VMBuilds\ArduLED Arduino\Arduino_STM32_genericSTM32F103C\Debug\core.a(timer.c.o)
                0x08003758                __irq_tim1_trg_com
 .text.__irq_tim1_cc
                0x08003790       0x54 C:\Users\kris7\AppData\Local\Temp\VMBuilds\ArduLED Arduino\Arduino_STM32_genericSTM32F103C\Debug\core.a(timer.c.o)
                0x08003790                __irq_tim1_cc
 .text.__irq_tim2
                0x080037e4       0x70 C:\Users\kris7\AppData\Local\Temp\VMBuilds\ArduLED Arduino\Arduino_STM32_genericSTM32F103C\Debug\core.a(timer.c.o)
                0x080037e4                __irq_tim2
 .text.__irq_tim3
                0x08003854       0x70 C:\Users\kris7\AppData\Local\Temp\VMBuilds\ArduLED Arduino\Arduino_STM32_genericSTM32F103C\Debug\core.a(timer.c.o)
                0x08003854                __irq_tim3
 .text.__irq_tim4
                0x080038c4       0x70 C:\Users\kris7\AppData\Local\Temp\VMBuilds\ArduLED Arduino\Arduino_STM32_genericSTM32F103C\Debug\core.a(timer.c.o)
                0x080038c4                __irq_tim4
 .text.rb_remove
                0x08003934       0x26 C:\Users\kris7\AppData\Local\Temp\VMBuilds\ArduLED Arduino\Arduino_STM32_genericSTM32F103C\Debug\core.a(usart_f1.c.o)
 .text.rb_push_insert
                0x0800395a       0x52 C:\Users\kris7\AppData\Local\Temp\VMBuilds\ArduLED Arduino\Arduino_STM32_genericSTM32F103C\Debug\core.a(usart_f1.c.o)
 .text.__irq_usart1
                0x080039ac       0x54 C:\Users\kris7\AppData\Local\Temp\VMBuilds\ArduLED Arduino\Arduino_STM32_genericSTM32F103C\Debug\core.a(usart_f1.c.o)
                0x080039ac                __irq_usart1
 .text.__irq_usart2
                0x08003a00       0x54 C:\Users\kris7\AppData\Local\Temp\VMBuilds\ArduLED Arduino\Arduino_STM32_genericSTM32F103C\Debug\core.a(usart_f1.c.o)
                0x08003a00                __irq_usart2
 .text.__irq_usart3
                0x08003a54       0x54 C:\Users\kris7\AppData\Local\Temp\VMBuilds\ArduLED Arduino\Arduino_STM32_genericSTM32F103C\Debug\core.a(usart_f1.c.o)
                0x08003a54                __irq_usart3
 .text.throb    0x08003aa8       0x58 C:\Users\kris7\AppData\Local\Temp\VMBuilds\ArduLED Arduino\Arduino_STM32_genericSTM32F103C\Debug\core.a(util.c.o)
                0x08003aa8                throb
 .text.__error  0x08003b00       0x14 C:\Users\kris7\AppData\Local\Temp\VMBuilds\ArduLED Arduino\Arduino_STM32_genericSTM32F103C\Debug\core.a(util.c.o)
                0x08003b00                __error
 .text.set_rx_tx_status0
                0x08003b14       0x30 C:\Users\kris7\AppData\Local\Temp\VMBuilds\ArduLED Arduino\Arduino_STM32_genericSTM32F103C\Debug\core.a(usb.c.o)
 .text.usb_resume
                0x08003b44       0xb0 C:\Users\kris7\AppData\Local\Temp\VMBuilds\ArduLED Arduino\Arduino_STM32_genericSTM32F103C\Debug\core.a(usb.c.o)
 .text.usb_init_usblib
                0x08003bf4       0x48 C:\Users\kris7\AppData\Local\Temp\VMBuilds\ArduLED Arduino\Arduino_STM32_genericSTM32F103C\Debug\core.a(usb.c.o)
                0x08003bf4                usb_init_usblib
 .text.__irq_usb_lp_can_rx0
                0x08003c3c      0x18c C:\Users\kris7\AppData\Local\Temp\VMBuilds\ArduLED Arduino\Arduino_STM32_genericSTM32F103C\Debug\core.a(usb.c.o)
                0x08003c3c                __irq_usb_lp_can_rx0
 .text.usb_set_ep_rx_stat
                0x08003dc8       0x22 C:\Users\kris7\AppData\Local\Temp\VMBuilds\ArduLED Arduino\Arduino_STM32_genericSTM32F103C\Debug\core.a(usb_cdcacm.c.o)
 *fill*         0x08003dea        0x2 
 .text.vcomGetSetLineCoding
                0x08003dec       0x18 C:\Users\kris7\AppData\Local\Temp\VMBuilds\ArduLED Arduino\Arduino_STM32_genericSTM32F103C\Debug\core.a(usb_cdcacm.c.o)
 .text.usbInit  0x08003e04       0x44 C:\Users\kris7\AppData\Local\Temp\VMBuilds\ArduLED Arduino\Arduino_STM32_genericSTM32F103C\Debug\core.a(usb_cdcacm.c.o)
 .text.usbDataSetup
                0x08003e48       0x54 C:\Users\kris7\AppData\Local\Temp\VMBuilds\ArduLED Arduino\Arduino_STM32_genericSTM32F103C\Debug\core.a(usb_cdcacm.c.o)
 .text.usbNoDataSetup
                0x08003e9c       0x50 C:\Users\kris7\AppData\Local\Temp\VMBuilds\ArduLED Arduino\Arduino_STM32_genericSTM32F103C\Debug\core.a(usb_cdcacm.c.o)
 .text.usbGetInterfaceSetting
                0x08003eec       0x10 C:\Users\kris7\AppData\Local\Temp\VMBuilds\ArduLED Arduino\Arduino_STM32_genericSTM32F103C\Debug\core.a(usb_cdcacm.c.o)
 .text.usbSetConfiguration
                0x08003efc       0x1c C:\Users\kris7\AppData\Local\Temp\VMBuilds\ArduLED Arduino\Arduino_STM32_genericSTM32F103C\Debug\core.a(usb_cdcacm.c.o)
 .text.usbSetDeviceAddress
                0x08003f18       0x10 C:\Users\kris7\AppData\Local\Temp\VMBuilds\ArduLED Arduino\Arduino_STM32_genericSTM32F103C\Debug\core.a(usb_cdcacm.c.o)
 .text.usbGetStringDescriptor
                0x08003f28       0x20 C:\Users\kris7\AppData\Local\Temp\VMBuilds\ArduLED Arduino\Arduino_STM32_genericSTM32F103C\Debug\core.a(usb_cdcacm.c.o)
 .text.usbGetConfigDescriptor
                0x08003f48        0xc C:\Users\kris7\AppData\Local\Temp\VMBuilds\ArduLED Arduino\Arduino_STM32_genericSTM32F103C\Debug\core.a(usb_cdcacm.c.o)
 .text.usbGetDeviceDescriptor
                0x08003f54        0xc C:\Users\kris7\AppData\Local\Temp\VMBuilds\ArduLED Arduino\Arduino_STM32_genericSTM32F103C\Debug\core.a(usb_cdcacm.c.o)
 .text.vcomDataRxCb
                0x08003f60       0x84 C:\Users\kris7\AppData\Local\Temp\VMBuilds\ArduLED Arduino\Arduino_STM32_genericSTM32F103C\Debug\core.a(usb_cdcacm.c.o)
 .text.vcomDataTxCb
                0x08003fe4       0xa0 C:\Users\kris7\AppData\Local\Temp\VMBuilds\ArduLED Arduino\Arduino_STM32_genericSTM32F103C\Debug\core.a(usb_cdcacm.c.o)
 .text.usb_cdcacm_tx.part.1
                0x08004084       0x54 C:\Users\kris7\AppData\Local\Temp\VMBuilds\ArduLED Arduino\Arduino_STM32_genericSTM32F103C\Debug\core.a(usb_cdcacm.c.o)
 .text.usbReset
                0x080040d8      0x15c C:\Users\kris7\AppData\Local\Temp\VMBuilds\ArduLED Arduino\Arduino_STM32_genericSTM32F103C\Debug\core.a(usb_cdcacm.c.o)
 .text.usb_cdcacm_set_hooks
                0x08004234       0x1c C:\Users\kris7\AppData\Local\Temp\VMBuilds\ArduLED Arduino\Arduino_STM32_genericSTM32F103C\Debug\core.a(usb_cdcacm.c.o)
                0x08004234                usb_cdcacm_set_hooks
 .text.usb_cdcacm_enable
                0x08004250       0x34 C:\Users\kris7\AppData\Local\Temp\VMBuilds\ArduLED Arduino\Arduino_STM32_genericSTM32F103C\Debug\core.a(usb_cdcacm.c.o)
                0x08004250                usb_cdcacm_enable
 .text.usb_cdcacm_tx
                0x08004284        0xa C:\Users\kris7\AppData\Local\Temp\VMBuilds\ArduLED Arduino\Arduino_STM32_genericSTM32F103C\Debug\core.a(usb_cdcacm.c.o)
                0x08004284                usb_cdcacm_tx
 *fill*         0x0800428e        0x2 
 .text.usb_cdcacm_data_available
                0x08004290       0x18 C:\Users\kris7\AppData\Local\Temp\VMBuilds\ArduLED Arduino\Arduino_STM32_genericSTM32F103C\Debug\core.a(usb_cdcacm.c.o)
                0x08004290                usb_cdcacm_data_available
 .text.usb_cdcacm_peek
                0x080042a8       0x38 C:\Users\kris7\AppData\Local\Temp\VMBuilds\ArduLED Arduino\Arduino_STM32_genericSTM32F103C\Debug\core.a(usb_cdcacm.c.o)
                0x080042a8                usb_cdcacm_peek
 .text.usb_cdcacm_rx
                0x080042e0       0x34 C:\Users\kris7\AppData\Local\Temp\VMBuilds\ArduLED Arduino\Arduino_STM32_genericSTM32F103C\Debug\core.a(usb_cdcacm.c.o)
                0x080042e0                usb_cdcacm_rx
 .text.usb_cdcacm_peek_ex
                0x08004314       0x40 C:\Users\kris7\AppData\Local\Temp\VMBuilds\ArduLED Arduino\Arduino_STM32_genericSTM32F103C\Debug\core.a(usb_cdcacm.c.o)
                0x08004314                usb_cdcacm_peek_ex
 .text.usb_cdcacm_get_dtr
                0x08004354       0x10 C:\Users\kris7\AppData\Local\Temp\VMBuilds\ArduLED Arduino\Arduino_STM32_genericSTM32F103C\Debug\core.a(usb_cdcacm.c.o)
                0x08004354                usb_cdcacm_get_dtr
 .text.usb_set_ep_rx_count
                0x08004364       0x40 C:\Users\kris7\AppData\Local\Temp\VMBuilds\ArduLED Arduino\Arduino_STM32_genericSTM32F103C\Debug\core.a(usb_reg_map.c.o)
                0x08004364                usb_set_ep_rx_count
 .text.Standard_GetConfiguration
                0x080043a4       0x24 C:\Users\kris7\AppData\Local\Temp\VMBuilds\ArduLED Arduino\Arduino_STM32_genericSTM32F103C\Debug\core.a(usb_core.c.o)
                0x080043a4                Standard_GetConfiguration
 .text.Standard_GetInterface
                0x080043c8       0x24 C:\Users\kris7\AppData\Local\Temp\VMBuilds\ArduLED Arduino\Arduino_STM32_genericSTM32F103C\Debug\core.a(usb_core.c.o)
                0x080043c8                Standard_GetInterface
 .text.Standard_GetStatus
                0x080043ec       0x90 C:\Users\kris7\AppData\Local\Temp\VMBuilds\ArduLED Arduino\Arduino_STM32_genericSTM32F103C\Debug\core.a(usb_core.c.o)
                0x080043ec                Standard_GetStatus
 .text.DataStageIn
                0x0800447c       0xac C:\Users\kris7\AppData\Local\Temp\VMBuilds\ArduLED Arduino\Arduino_STM32_genericSTM32F103C\Debug\core.a(usb_core.c.o)
 .text.Standard_SetConfiguration
                0x08004528       0x38 C:\Users\kris7\AppData\Local\Temp\VMBuilds\ArduLED Arduino\Arduino_STM32_genericSTM32F103C\Debug\core.a(usb_core.c.o)
                0x08004528                Standard_SetConfiguration
 .text.Standard_SetInterface
                0x08004560       0x4c C:\Users\kris7\AppData\Local\Temp\VMBuilds\ArduLED Arduino\Arduino_STM32_genericSTM32F103C\Debug\core.a(usb_core.c.o)
                0x08004560                Standard_SetInterface
 .text.Standard_ClearFeature
                0x080045ac       0xcc C:\Users\kris7\AppData\Local\Temp\VMBuilds\ArduLED Arduino\Arduino_STM32_genericSTM32F103C\Debug\core.a(usb_core.c.o)
                0x080045ac                Standard_ClearFeature
 .text.Standard_SetEndPointFeature
                0x08004678       0x84 C:\Users\kris7\AppData\Local\Temp\VMBuilds\ArduLED Arduino\Arduino_STM32_genericSTM32F103C\Debug\core.a(usb_core.c.o)
                0x08004678                Standard_SetEndPointFeature
 .text.Standard_SetDeviceFeature
                0x080046fc       0x24 C:\Users\kris7\AppData\Local\Temp\VMBuilds\ArduLED Arduino\Arduino_STM32_genericSTM32F103C\Debug\core.a(usb_core.c.o)
                0x080046fc                Standard_SetDeviceFeature
 .text.Standard_GetDescriptorData
                0x08004720       0x1c C:\Users\kris7\AppData\Local\Temp\VMBuilds\ArduLED Arduino\Arduino_STM32_genericSTM32F103C\Debug\core.a(usb_core.c.o)
                0x08004720                Standard_GetDescriptorData
 .text.Post0_Process
                0x0800473c       0x40 C:\Users\kris7\AppData\Local\Temp\VMBuilds\ArduLED Arduino\Arduino_STM32_genericSTM32F103C\Debug\core.a(usb_core.c.o)
                0x0800473c                Post0_Process
 .text.Setup0_Process
                0x0800477c      0x2bc C:\Users\kris7\AppData\Local\Temp\VMBuilds\ArduLED Arduino\Arduino_STM32_genericSTM32F103C\Debug\core.a(usb_core.c.o)
                0x0800477c                Setup0_Process
 .text.Out0_Process
                0x08004a38       0xc4 C:\Users\kris7\AppData\Local\Temp\VMBuilds\ArduLED Arduino\Arduino_STM32_genericSTM32F103C\Debug\core.a(usb_core.c.o)
                0x08004a38                Out0_Process
 .text.SetDeviceAddress
                0x08004afc       0x38 C:\Users\kris7\AppData\Local\Temp\VMBuilds\ArduLED Arduino\Arduino_STM32_genericSTM32F103C\Debug\core.a(usb_core.c.o)
                0x08004afc                SetDeviceAddress
 .text.In0_Process
                0x08004b34       0x5c C:\Users\kris7\AppData\Local\Temp\VMBuilds\ArduLED Arduino\Arduino_STM32_genericSTM32F103C\Debug\core.a(usb_core.c.o)
                0x08004b34                In0_Process
 .text.NOP_Process
                0x08004b90        0x2 C:\Users\kris7\AppData\Local\Temp\VMBuilds\ArduLED Arduino\Arduino_STM32_genericSTM32F103C\Debug\core.a(usb_core.c.o)
                0x08004b90                NOP_Process
 .text.UserToPMABufferCopy
                0x08004b92       0x24 C:\Users\kris7\AppData\Local\Temp\VMBuilds\ArduLED Arduino\Arduino_STM32_genericSTM32F103C\Debug\core.a(usb_mem.c.o)
                0x08004b92                UserToPMABufferCopy
 .text.PMAToUserBufferCopy
                0x08004bb6       0x24 C:\Users\kris7\AppData\Local\Temp\VMBuilds\ArduLED Arduino\Arduino_STM32_genericSTM32F103C\Debug\core.a(usb_mem.c.o)
                0x08004bb6                PMAToUserBufferCopy
 .text.SetEPTxStatus
                0x08004bda       0x2a C:\Users\kris7\AppData\Local\Temp\VMBuilds\ArduLED Arduino\Arduino_STM32_genericSTM32F103C\Debug\core.a(usb_regs.c.o)
                0x08004bda                SetEPTxStatus
 .text.ClearDTOG_RX
                0x08004c04       0x26 C:\Users\kris7\AppData\Local\Temp\VMBuilds\ArduLED Arduino\Arduino_STM32_genericSTM32F103C\Debug\core.a(usb_regs.c.o)
                0x08004c04                ClearDTOG_RX
 .text.ClearDTOG_TX
                0x08004c2a       0x26 C:\Users\kris7\AppData\Local\Temp\VMBuilds\ArduLED Arduino\Arduino_STM32_genericSTM32F103C\Debug\core.a(usb_regs.c.o)
                0x08004c2a                ClearDTOG_TX
 .text.SetEPTxCount
                0x08004c50       0x1c C:\Users\kris7\AppData\Local\Temp\VMBuilds\ArduLED Arduino\Arduino_STM32_genericSTM32F103C\Debug\core.a(usb_regs.c.o)
                0x08004c50                SetEPTxCount
 .text.SetEPRxCount
                0x08004c6c       0x40 C:\Users\kris7\AppData\Local\Temp\VMBuilds\ArduLED Arduino\Arduino_STM32_genericSTM32F103C\Debug\core.a(usb_regs.c.o)
                0x08004c6c                SetEPRxCount
 .text.GetEPDblBuf0Addr
                0x08004cac       0x1c C:\Users\kris7\AppData\Local\Temp\VMBuilds\ArduLED Arduino\Arduino_STM32_genericSTM32F103C\Debug\core.a(usb_regs.c.o)
                0x08004cac                GetEPDblBuf0Addr
 .text.GetEPTxAddr
                0x08004cc8        0x4 C:\Users\kris7\AppData\Local\Temp\VMBuilds\ArduLED Arduino\Arduino_STM32_genericSTM32F103C\Debug\core.a(usb_regs.c.o)
                0x08004cc8                GetEPTxAddr
 .text.GetEPDblBuf1Addr
                0x08004ccc       0x1c C:\Users\kris7\AppData\Local\Temp\VMBuilds\ArduLED Arduino\Arduino_STM32_genericSTM32F103C\Debug\core.a(usb_regs.c.o)
                0x08004ccc                GetEPDblBuf1Addr
 .text.GetEPRxAddr
                0x08004ce8        0x4 C:\Users\kris7\AppData\Local\Temp\VMBuilds\ArduLED Arduino\Arduino_STM32_genericSTM32F103C\Debug\core.a(usb_regs.c.o)
                0x08004ce8                GetEPRxAddr
 .text._ZN14HardwareSerial4readEv
                0x08004cec       0x50 C:\Users\kris7\AppData\Local\Temp\VMBuilds\ArduLED Arduino\Arduino_STM32_genericSTM32F103C\Debug\core.a(HardwareSerial.cpp.o)
                0x08004cec                HardwareSerial::read()
 .text._ZN14HardwareSerial4peekEv
                0x08004d3c       0x22 C:\Users\kris7\AppData\Local\Temp\VMBuilds\ArduLED Arduino\Arduino_STM32_genericSTM32F103C\Debug\core.a(HardwareSerial.cpp.o)
                0x08004d3c                HardwareSerial::peek()
 .text._ZN14HardwareSerial5flushEv
                0x08004d5e       0x1a C:\Users\kris7\AppData\Local\Temp\VMBuilds\ArduLED Arduino\Arduino_STM32_genericSTM32F103C\Debug\core.a(HardwareSerial.cpp.o)
                0x08004d5e                HardwareSerial::flush()
 .text._ZN14HardwareSerial5writeEh
                0x08004d78       0x1e C:\Users\kris7\AppData\Local\Temp\VMBuilds\ArduLED Arduino\Arduino_STM32_genericSTM32F103C\Debug\core.a(HardwareSerial.cpp.o)
                0x08004d78                HardwareSerial::write(unsigned char)
 .text._ZN14HardwareSerial9availableEv
                0x08004d96       0x26 C:\Users\kris7\AppData\Local\Temp\VMBuilds\ArduLED Arduino\Arduino_STM32_genericSTM32F103C\Debug\core.a(HardwareSerial.cpp.o)
                0x08004d96                HardwareSerial::available()
 .text._ZN14HardwareSerialC2EP9usart_devhh
                0x08004dbc       0x1c C:\Users\kris7\AppData\Local\Temp\VMBuilds\ArduLED Arduino\Arduino_STM32_genericSTM32F103C\Debug\core.a(HardwareSerial.cpp.o)
                0x08004dbc                HardwareSerial::HardwareSerial(usart_dev*, unsigned char, unsigned char)
                0x08004dbc                HardwareSerial::HardwareSerial(usart_dev*, unsigned char, unsigned char)
 .text.startup._Z7premainv
                0x08004dd8        0x4 C:\Users\kris7\AppData\Local\Temp\VMBuilds\ArduLED Arduino\Arduino_STM32_genericSTM32F103C\Debug\core.a(main.cpp.o)
                0x08004dd8                premain()
 .text.startup.main
                0x08004ddc        0xa C:\Users\kris7\AppData\Local\Temp\VMBuilds\ArduLED Arduino\Arduino_STM32_genericSTM32F103C\Debug\core.a(main.cpp.o)
                0x08004ddc                main
 .text._ZN5Print5writeEPKvm
                0x08004de6       0x20 C:\Users\kris7\AppData\Local\Temp\VMBuilds\ArduLED Arduino\Arduino_STM32_genericSTM32F103C\Debug\core.a(Print.cpp.o)
                0x08004de6                Print::write(void const*, unsigned long)
 .text._ZN5Print5writeEPKc
                0x08004e06       0x20 C:\Users\kris7\AppData\Local\Temp\VMBuilds\ArduLED Arduino\Arduino_STM32_genericSTM32F103C\Debug\core.a(Print.cpp.o)
                0x08004e06                Print::write(char const*)
 .text._ZN5Print5printEc
                0x08004e26        0x6 C:\Users\kris7\AppData\Local\Temp\VMBuilds\ArduLED Arduino\Arduino_STM32_genericSTM32F103C\Debug\core.a(Print.cpp.o)
                0x08004e26                Print::print(char)
 .text._ZN5Print7printlnEv
                0x08004e2c       0x18 C:\Users\kris7\AppData\Local\Temp\VMBuilds\ArduLED Arduino\Arduino_STM32_genericSTM32F103C\Debug\core.a(Print.cpp.o)
                0x08004e2c                Print::println()
 .text._ZN5Print11printNumberEyh
                0x08004e44       0x78 C:\Users\kris7\AppData\Local\Temp\VMBuilds\ArduLED Arduino\Arduino_STM32_genericSTM32F103C\Debug\core.a(Print.cpp.o)
                0x08004e44                Print::printNumber(unsigned long long, unsigned char)
 .text._ZN5Print5printEhi
                0x08004ebc       0x14 C:\Users\kris7\AppData\Local\Temp\VMBuilds\ArduLED Arduino\Arduino_STM32_genericSTM32F103C\Debug\core.a(Print.cpp.o)
                0x08004ebc                Print::print(unsigned char, int)
 .text._ZN5Print7printlnEhi
                0x08004ed0       0x14 C:\Users\kris7\AppData\Local\Temp\VMBuilds\ArduLED Arduino\Arduino_STM32_genericSTM32F103C\Debug\core.a(Print.cpp.o)
                0x08004ed0                Print::println(unsigned char, int)
 .text._ZN9USBSerial9availableEv
                0x08004ee4        0x4 C:\Users\kris7\AppData\Local\Temp\VMBuilds\ArduLED Arduino\Arduino_STM32_genericSTM32F103C\Debug\core.a(usb_serial.cpp.o)
                0x08004ee4                USBSerial::available()
 .text._ZN9USBSerial4peekEv
                0x08004ee8       0x1e C:\Users\kris7\AppData\Local\Temp\VMBuilds\ArduLED Arduino\Arduino_STM32_genericSTM32F103C\Debug\core.a(usb_serial.cpp.o)
                0x08004ee8                USBSerial::peek()
 .text._ZN9USBSerial4readEv
                0x08004f06       0x1e C:\Users\kris7\AppData\Local\Temp\VMBuilds\ArduLED Arduino\Arduino_STM32_genericSTM32F103C\Debug\core.a(usb_serial.cpp.o)
                0x08004f06                USBSerial::read()
 .text._ZL14ifaceSetupHookjPv
                0x08004f24       0x38 C:\Users\kris7\AppData\Local\Temp\VMBuilds\ArduLED Arduino\Arduino_STM32_genericSTM32F103C\Debug\core.a(usb_serial.cpp.o)
 .text._ZL6rxHookjPv
                0x08004f5c       0xa0 C:\Users\kris7\AppData\Local\Temp\VMBuilds\ArduLED Arduino\Arduino_STM32_genericSTM32F103C\Debug\core.a(usb_serial.cpp.o)
 .text._ZL10wait_resetv
                0x08004ffc       0x10 C:\Users\kris7\AppData\Local\Temp\VMBuilds\ArduLED Arduino\Arduino_STM32_genericSTM32F103C\Debug\core.a(usb_serial.cpp.o)
 .text._ZN9USBSerial5beginEv
                0x0800500c       0x34 C:\Users\kris7\AppData\Local\Temp\VMBuilds\ArduLED Arduino\Arduino_STM32_genericSTM32F103C\Debug\core.a(usb_serial.cpp.o)
                0x0800500c                USBSerial::begin()
 .text._ZN9USBSerial5beginEmh
                0x08005040       0x18 C:\Users\kris7\AppData\Local\Temp\VMBuilds\ArduLED Arduino\Arduino_STM32_genericSTM32F103C\Debug\core.a(usb_serial.cpp.o)
                0x08005040                USBSerial::begin(unsigned long, unsigned char)
 .text._ZN9USBSerial4readEPhm
                0x08005058       0x1c C:\Users\kris7\AppData\Local\Temp\VMBuilds\ArduLED Arduino\Arduino_STM32_genericSTM32F103C\Debug\core.a(usb_serial.cpp.o)
                0x08005058                USBSerial::read(unsigned char*, unsigned long)
 .text._ZN9USBSerial5flushEv
                0x08005074       0x1c C:\Users\kris7\AppData\Local\Temp\VMBuilds\ArduLED Arduino\Arduino_STM32_genericSTM32F103C\Debug\core.a(usb_serial.cpp.o)
                0x08005074                USBSerial::flush()
 .text._ZN9USBSerialcvbEv
                0x08005090       0x20 C:\Users\kris7\AppData\Local\Temp\VMBuilds\ArduLED Arduino\Arduino_STM32_genericSTM32F103C\Debug\core.a(usb_serial.cpp.o)
                0x08005090                USBSerial::operator bool()
 .text._ZN9USBSerial5writeEPKhm
                0x080050b0       0x24 C:\Users\kris7\AppData\Local\Temp\VMBuilds\ArduLED Arduino\Arduino_STM32_genericSTM32F103C\Debug\core.a(usb_serial.cpp.o)
                0x080050b0                USBSerial::write(unsigned char const*, unsigned long)
 .text._ZN9USBSerial5writeEh
                0x080050d4       0x18 C:\Users\kris7\AppData\Local\Temp\VMBuilds\ArduLED Arduino\Arduino_STM32_genericSTM32F103C\Debug\core.a(usb_serial.cpp.o)
                0x080050d4                USBSerial::write(unsigned char)
 .text._ZN9USBSerial5writeEPKc
                0x080050ec       0x1a C:\Users\kris7\AppData\Local\Temp\VMBuilds\ArduLED Arduino\Arduino_STM32_genericSTM32F103C\Debug\core.a(usb_serial.cpp.o)
                0x080050ec                USBSerial::write(char const*)
 *fill*         0x08005106        0x2 
 .text.startup._GLOBAL__sub_I__ZN9USBSerial9_hasBegunE
                0x08005108       0x1c C:\Users\kris7\AppData\Local\Temp\VMBuilds\ArduLED Arduino\Arduino_STM32_genericSTM32F103C\Debug\core.a(usb_serial.cpp.o)
 .text._Z12digitalWritehh
                0x08005124       0x2c C:\Users\kris7\AppData\Local\Temp\VMBuilds\ArduLED Arduino\Arduino_STM32_genericSTM32F103C\Debug\core.a(wirish_digital.cpp.o)
                0x08005124                digitalWrite(unsigned char, unsigned char)
 .text._Z5delaym
                0x08005150       0x1c C:\Users\kris7\AppData\Local\Temp\VMBuilds\ArduLED Arduino\Arduino_STM32_genericSTM32F103C\Debug\core.a(wirish_time.cpp.o)
                0x08005150                delay(unsigned long)
 .text._ZN6StringD2Ev
                0x0800516c        0xe C:\Users\kris7\AppData\Local\Temp\VMBuilds\ArduLED Arduino\Arduino_STM32_genericSTM32F103C\Debug\core.a(WString.cpp.o)
                0x0800516c                String::~String()
                0x0800516c                String::~String()
 .text._ZN6String10invalidateEv
                0x0800517a       0x16 C:\Users\kris7\AppData\Local\Temp\VMBuilds\ArduLED Arduino\Arduino_STM32_genericSTM32F103C\Debug\core.a(WString.cpp.o)
                0x0800517a                String::invalidate()
 .text._ZN6String12changeBufferEj
                0x08005190       0x18 C:\Users\kris7\AppData\Local\Temp\VMBuilds\ArduLED Arduino\Arduino_STM32_genericSTM32F103C\Debug\core.a(WString.cpp.o)
                0x08005190                String::changeBuffer(unsigned int)
 .text._ZN6String7reserveEj
                0x080051a8       0x28 C:\Users\kris7\AppData\Local\Temp\VMBuilds\ArduLED Arduino\Arduino_STM32_genericSTM32F103C\Debug\core.a(WString.cpp.o)
                0x080051a8                String::reserve(unsigned int)
 .text._ZN6String4copyEPKcj
                0x080051d0       0x26 C:\Users\kris7\AppData\Local\Temp\VMBuilds\ArduLED Arduino\Arduino_STM32_genericSTM32F103C\Debug\core.a(WString.cpp.o)
                0x080051d0                String::copy(char const*, unsigned int)
 .text._ZN6StringC2EPKc
                0x080051f6       0x24 C:\Users\kris7\AppData\Local\Temp\VMBuilds\ArduLED Arduino\Arduino_STM32_genericSTM32F103C\Debug\core.a(WString.cpp.o)
                0x080051f6                String::String(char const*)
                0x080051f6                String::String(char const*)
 *fill*         0x0800521a        0x2 
 .text._ZN6StringixEj
                0x0800521c       0x1c C:\Users\kris7\AppData\Local\Temp\VMBuilds\ArduLED Arduino\Arduino_STM32_genericSTM32F103C\Debug\core.a(WString.cpp.o)
                0x0800521c                String::operator[](unsigned int)
 .text._ZNK6String5toIntEv
                0x08005238        0xa C:\Users\kris7\AppData\Local\Temp\VMBuilds\ArduLED Arduino\Arduino_STM32_genericSTM32F103C\Debug\core.a(WString.cpp.o)
                0x08005238                String::toInt() const
 *fill*         0x08005242        0x2 
 .text._Z17disableDebugPortsv
                0x08005244       0x14 C:\Users\kris7\AppData\Local\Temp\VMBuilds\ArduLED Arduino\Arduino_STM32_genericSTM32F103C\Debug\core.a(wirish_debug.cpp.o)
                0x08005244                disableDebugPorts()
 .text._Z7pinModeh13WiringPinMode
                0x08005258       0x84 C:\Users\kris7\AppData\Local\Temp\VMBuilds\ArduLED Arduino\Arduino_STM32_genericSTM32F103C\Debug\core.a(wirish_digital_f1.cpp.o)
                0x08005258                pinMode(unsigned char, WiringPinMode)
 .text.__empty  0x080052dc        0x2 C:\Users\kris7\AppData\Local\Temp\VMBuilds\ArduLED Arduino\Arduino_STM32_genericSTM32F103C\Debug\core.a(hooks.c.o)
                0x080052dc                yield
 .text.bkp_init
                0x080052de       0x18 C:\Users\kris7\AppData\Local\Temp\VMBuilds\ArduLED Arduino\Arduino_STM32_genericSTM32F103C\Debug\core.a(bkp_f1.c.o)
                0x080052de                bkp_init
 *fill*         0x080052f6        0x2 
 .text.bkp_enable_writes
                0x080052f8        0xc C:\Users\kris7\AppData\Local\Temp\VMBuilds\ArduLED Arduino\Arduino_STM32_genericSTM32F103C\Debug\core.a(bkp_f1.c.o)
                0x080052f8                bkp_enable_writes
 .text.bkp_disable_writes
                0x08005304        0xc C:\Users\kris7\AppData\Local\Temp\VMBuilds\ArduLED Arduino\Arduino_STM32_genericSTM32F103C\Debug\core.a(bkp_f1.c.o)
                0x08005304                bkp_disable_writes
 .text.bkp_write
                0x08005310       0x14 C:\Users\kris7\AppData\Local\Temp\VMBuilds\ArduLED Arduino\Arduino_STM32_genericSTM32F103C\Debug\core.a(bkp_f1.c.o)
                0x08005310                bkp_write
 .text.gpio_init
                0x08005324       0x14 C:\Users\kris7\AppData\Local\Temp\VMBuilds\ArduLED Arduino\Arduino_STM32_genericSTM32F103C\Debug\core.a(gpio.c.o)
                0x08005324                gpio_init
 .text.i2c_start_condition
                0x08005338       0x14 C:\Users\kris7\AppData\Local\Temp\VMBuilds\ArduLED Arduino\Arduino_STM32_genericSTM32F103C\Debug\core.a(i2c.c.o)
 .text.i2c_stop_condition
                0x0800534c       0x1c C:\Users\kris7\AppData\Local\Temp\VMBuilds\ArduLED Arduino\Arduino_STM32_genericSTM32F103C\Debug\core.a(i2c.c.o)
 .text._i2c_irq_handler
                0x08005368      0x170 C:\Users\kris7\AppData\Local\Temp\VMBuilds\ArduLED Arduino\Arduino_STM32_genericSTM32F103C\Debug\core.a(i2c.c.o)
                0x08005368                _i2c_irq_handler
 .text._i2c_irq_error_handler
                0x080054d8       0x28 C:\Users\kris7\AppData\Local\Temp\VMBuilds\ArduLED Arduino\Arduino_STM32_genericSTM32F103C\Debug\core.a(i2c.c.o)
                0x080054d8                _i2c_irq_error_handler
 .text.usart_tx
                0x08005500       0xa4 C:\Users\kris7\AppData\Local\Temp\VMBuilds\ArduLED Arduino\Arduino_STM32_genericSTM32F103C\Debug\core.a(usart.c.o)
                0x08005500                usart_tx
 .text          0x080055a4      0x21c c:/users/kris7/appdata/local/arduino15/packages/stm32/tools/arm-none-eabi-gcc/6-2017-q2-update/bin/../lib/gcc/arm-none-eabi/6.3.1/thumb/v7-m\libgcc.a(_arm_addsubsf3.o)
                0x080055a4                __aeabi_frsub
                0x080055ac                __subsf3
                0x080055ac                __aeabi_fsub
                0x080055b0                __aeabi_fadd
                0x080055b0                __addsf3
                0x08005710                __aeabi_ui2f
                0x08005710                __floatunsisf
                0x08005718                __aeabi_i2f
                0x08005718                __floatsisf
                0x08005734                __aeabi_ul2f
                0x08005734                __floatundisf
                0x08005744                __aeabi_l2f
                0x08005744                __floatdisf
 .text          0x080057c0      0x2a0 c:/users/kris7/appdata/local/arduino15/packages/stm32/tools/arm-none-eabi-gcc/6-2017-q2-update/bin/../lib/gcc/arm-none-eabi/6.3.1/thumb/v7-m\libgcc.a(_arm_muldivsf3.o)
                0x080057c0                __mulsf3
                0x080057c0                __aeabi_fmul
                0x08005928                __aeabi_fdiv
                0x08005928                __divsf3
 .text          0x08005a60       0xec c:/users/kris7/appdata/local/arduino15/packages/stm32/tools/arm-none-eabi-gcc/6-2017-q2-update/bin/../lib/gcc/arm-none-eabi/6.3.1/thumb/v7-m\libgcc.a(_arm_cmpsf2.o)
                0x08005a60                __gesf2
                0x08005a60                __gtsf2
                0x08005a68                __lesf2
                0x08005a68                __ltsf2
                0x08005a70                __nesf2
                0x08005a70                __eqsf2
                0x08005a70                __cmpsf2
                0x08005ad0                __aeabi_cfrcmple
                0x08005ad8                __aeabi_cfcmpeq
                0x08005ad8                __aeabi_cfcmple
                0x08005ae8                __aeabi_fcmpeq
                0x08005afc                __aeabi_fcmplt
                0x08005b10                __aeabi_fcmple
                0x08005b24                __aeabi_fcmpge
                0x08005b38                __aeabi_fcmpgt
 .text          0x08005b4c       0x40 c:/users/kris7/appdata/local/arduino15/packages/stm32/tools/arm-none-eabi-gcc/6-2017-q2-update/bin/../lib/gcc/arm-none-eabi/6.3.1/thumb/v7-m\libgcc.a(_arm_fixunssfsi.o)
                0x08005b4c                __fixunssfsi
                0x08005b4c                __aeabi_f2uiz
 .text          0x08005b8c       0x30 c:/users/kris7/appdata/local/arduino15/packages/stm32/tools/arm-none-eabi-gcc/6-2017-q2-update/bin/../lib/gcc/arm-none-eabi/6.3.1/thumb/v7-m\libgcc.a(_aeabi_uldivmod.o)
                0x08005b8c                __aeabi_uldivmod
 .text          0x08005bbc      0x2dc c:/users/kris7/appdata/local/arduino15/packages/stm32/tools/arm-none-eabi-gcc/6-2017-q2-update/bin/../lib/gcc/arm-none-eabi/6.3.1/thumb/v7-m\libgcc.a(_udivmoddi4.o)
                0x08005bbc                __udivmoddi4
 .text          0x08005e98        0x4 c:/users/kris7/appdata/local/arduino15/packages/stm32/tools/arm-none-eabi-gcc/6-2017-q2-update/bin/../lib/gcc/arm-none-eabi/6.3.1/thumb/v7-m\libgcc.a(_dvmd_tls.o)
                0x08005e98                __aeabi_idiv0
                0x08005e98                __aeabi_ldiv0
 .text.atol     0x08005e9c        0x8 c:/users/kris7/appdata/local/arduino15/packages/stm32/tools/arm-none-eabi-gcc/6-2017-q2-update/bin/../lib/gcc/arm-none-eabi/6.3.1/../../../../arm-none-eabi/lib/thumb/v7-m\libc.a(lib_a-atol.o)
                0x08005e9c                atol
 .text.__errno  0x08005ea4        0xc c:/users/kris7/appdata/local/arduino15/packages/stm32/tools/arm-none-eabi-gcc/6-2017-q2-update/bin/../lib/gcc/arm-none-eabi/6.3.1/../../../../arm-none-eabi/lib/thumb/v7-m\libc.a(lib_a-errno.o)
                0x08005ea4                __errno
 .text.exit     0x08005eb0       0x20 c:/users/kris7/appdata/local/arduino15/packages/stm32/tools/arm-none-eabi-gcc/6-2017-q2-update/bin/../lib/gcc/arm-none-eabi/6.3.1/../../../../arm-none-eabi/lib/thumb/v7-m\libc.a(lib_a-exit.o)
                0x08005eb0                exit
 .text.__libc_init_array
                0x08005ed0       0x50 c:/users/kris7/appdata/local/arduino15/packages/stm32/tools/arm-none-eabi-gcc/6-2017-q2-update/bin/../lib/gcc/arm-none-eabi/6.3.1/../../../../arm-none-eabi/lib/thumb/v7-m\libc.a(lib_a-init.o)
                0x08005ed0                __libc_init_array
 .text.__locale_ctype_ptr_l
                0x08005f20        0x8 c:/users/kris7/appdata/local/arduino15/packages/stm32/tools/arm-none-eabi-gcc/6-2017-q2-update/bin/../lib/gcc/arm-none-eabi/6.3.1/../../../../arm-none-eabi/lib/thumb/v7-m\libc.a(lib_a-locale.o)
                0x08005f20                __locale_ctype_ptr_l
 .text.malloc   0x08005f28       0x10 c:/users/kris7/appdata/local/arduino15/packages/stm32/tools/arm-none-eabi-gcc/6-2017-q2-update/bin/../lib/gcc/arm-none-eabi/6.3.1/../../../../arm-none-eabi/lib/thumb/v7-m\libc.a(lib_a-malloc.o)
                0x08005f28                malloc
 .text.free     0x08005f38       0x10 c:/users/kris7/appdata/local/arduino15/packages/stm32/tools/arm-none-eabi-gcc/6-2017-q2-update/bin/../lib/gcc/arm-none-eabi/6.3.1/../../../../arm-none-eabi/lib/thumb/v7-m\libc.a(lib_a-malloc.o)
                0x08005f38                free
 .text._malloc_r
                0x08005f48      0x544 c:/users/kris7/appdata/local/arduino15/packages/stm32/tools/arm-none-eabi-gcc/6-2017-q2-update/bin/../lib/gcc/arm-none-eabi/6.3.1/../../../../arm-none-eabi/lib/thumb/v7-m\libc.a(lib_a-mallocr.o)
                0x08005f48                _malloc_r
 .text.__ascii_mbtowc
                0x0800648c       0x2c c:/users/kris7/appdata/local/arduino15/packages/stm32/tools/arm-none-eabi-gcc/6-2017-q2-update/bin/../lib/gcc/arm-none-eabi/6.3.1/../../../../arm-none-eabi/lib/thumb/v7-m\libc.a(lib_a-mbtowc_r.o)
                0x0800648c                __ascii_mbtowc
 .text.memmove  0x080064b8       0xc8 c:/users/kris7/appdata/local/arduino15/packages/stm32/tools/arm-none-eabi-gcc/6-2017-q2-update/bin/../lib/gcc/arm-none-eabi/6.3.1/../../../../arm-none-eabi/lib/thumb/v7-m\libc.a(lib_a-memmove.o)
                0x080064b8                memmove
 .text.memset   0x08006580       0x9c c:/users/kris7/appdata/local/arduino15/packages/stm32/tools/arm-none-eabi-gcc/6-2017-q2-update/bin/../lib/gcc/arm-none-eabi/6.3.1/../../../../arm-none-eabi/lib/thumb/v7-m\libc.a(lib_a-memset.o)
                0x08006580                memset
 .text.__malloc_lock
                0x0800661c        0xc c:/users/kris7/appdata/local/arduino15/packages/stm32/tools/arm-none-eabi-gcc/6-2017-q2-update/bin/../lib/gcc/arm-none-eabi/6.3.1/../../../../arm-none-eabi/lib/thumb/v7-m\libc.a(lib_a-mlock.o)
                0x0800661c                __malloc_lock
 .text.__malloc_unlock
                0x08006628        0xc c:/users/kris7/appdata/local/arduino15/packages/stm32/tools/arm-none-eabi-gcc/6-2017-q2-update/bin/../lib/gcc/arm-none-eabi/6.3.1/../../../../arm-none-eabi/lib/thumb/v7-m\libc.a(lib_a-mlock.o)
                0x08006628                __malloc_unlock
 .text.realloc  0x08006634       0x10 c:/users/kris7/appdata/local/arduino15/packages/stm32/tools/arm-none-eabi-gcc/6-2017-q2-update/bin/../lib/gcc/arm-none-eabi/6.3.1/../../../../arm-none-eabi/lib/thumb/v7-m\libc.a(lib_a-realloc.o)
                0x08006634                realloc
 .text._realloc_r
                0x08006644      0x36c c:/users/kris7/appdata/local/arduino15/packages/stm32/tools/arm-none-eabi-gcc/6-2017-q2-update/bin/../lib/gcc/arm-none-eabi/6.3.1/../../../../arm-none-eabi/lib/thumb/v7-m\libc.a(lib_a-reallocr.o)
                0x08006644                _realloc_r
 .text._sbrk_r  0x080069b0       0x24 c:/users/kris7/appdata/local/arduino15/packages/stm32/tools/arm-none-eabi-gcc/6-2017-q2-update/bin/../lib/gcc/arm-none-eabi/6.3.1/../../../../arm-none-eabi/lib/thumb/v7-m\libc.a(lib_a-sbrkr.o)
                0x080069b0                _sbrk_r
 .text.strcpy   0x080069d4       0xbc c:/users/kris7/appdata/local/arduino15/packages/stm32/tools/arm-none-eabi-gcc/6-2017-q2-update/bin/../lib/gcc/arm-none-eabi/6.3.1/../../../../arm-none-eabi/lib/thumb/v7-m\libc.a(lib_a-strcpy.o)
                0x080069d4                strcpy
 .text.strlen   0x08006a90       0x5c c:/users/kris7/appdata/local/arduino15/packages/stm32/tools/arm-none-eabi-gcc/6-2017-q2-update/bin/../lib/gcc/arm-none-eabi/6.3.1/../../../../arm-none-eabi/lib/thumb/v7-m\libc.a(lib_a-strlen-stub.o)
                0x08006a90                strlen
 .text._strtol_l.isra.0
                0x08006aec      0x128 c:/users/kris7/appdata/local/arduino15/packages/stm32/tools/arm-none-eabi-gcc/6-2017-q2-update/bin/../lib/gcc/arm-none-eabi/6.3.1/../../../../arm-none-eabi/lib/thumb/v7-m\libc.a(lib_a-strtol.o)
 .text.strtol   0x08006c14       0x2c c:/users/kris7/appdata/local/arduino15/packages/stm32/tools/arm-none-eabi-gcc/6-2017-q2-update/bin/../lib/gcc/arm-none-eabi/6.3.1/../../../../arm-none-eabi/lib/thumb/v7-m\libc.a(lib_a-strtol.o)
                0x08006c14                strtol
 .text.__ascii_wctomb
                0x08006c40       0x18 c:/users/kris7/appdata/local/arduino15/packages/stm32/tools/arm-none-eabi-gcc/6-2017-q2-update/bin/../lib/gcc/arm-none-eabi/6.3.1/../../../../arm-none-eabi/lib/thumb/v7-m\libc.a(lib_a-wctomb_r.o)
                0x08006c40                __ascii_wctomb
 .text.startup.register_fini
                0x08006c58       0x14 c:/users/kris7/appdata/local/arduino15/packages/stm32/tools/arm-none-eabi-gcc/6-2017-q2-update/bin/../lib/gcc/arm-none-eabi/6.3.1/../../../../arm-none-eabi/lib/thumb/v7-m\libc.a(lib_a-__call_atexit.o)
 .text.__call_exitprocs
                0x08006c6c       0xe8 c:/users/kris7/appdata/local/arduino15/packages/stm32/tools/arm-none-eabi-gcc/6-2017-q2-update/bin/../lib/gcc/arm-none-eabi/6.3.1/../../../../arm-none-eabi/lib/thumb/v7-m\libc.a(lib_a-__call_atexit.o)
                0x08006c6c                __call_exitprocs
 .text.atexit   0x08006d54        0xc c:/users/kris7/appdata/local/arduino15/packages/stm32/tools/arm-none-eabi-gcc/6-2017-q2-update/bin/../lib/gcc/arm-none-eabi/6.3.1/../../../../arm-none-eabi/lib/thumb/v7-m\libc.a(lib_a-atexit.o)
                0x08006d54                atexit
 .text.__libc_fini_array
                0x08006d60       0x34 c:/users/kris7/appdata/local/arduino15/packages/stm32/tools/arm-none-eabi-gcc/6-2017-q2-update/bin/../lib/gcc/arm-none-eabi/6.3.1/../../../../arm-none-eabi/lib/thumb/v7-m\libc.a(lib_a-fini.o)
                0x08006d60                __libc_fini_array
 .text._malloc_trim_r
                0x08006d94       0xa0 c:/users/kris7/appdata/local/arduino15/packages/stm32/tools/arm-none-eabi-gcc/6-2017-q2-update/bin/../lib/gcc/arm-none-eabi/6.3.1/../../../../arm-none-eabi/lib/thumb/v7-m\libc.a(lib_a-freer.o)
                0x08006d94                _malloc_trim_r
 .text._free_r  0x08006e34      0x1cc c:/users/kris7/appdata/local/arduino15/packages/stm32/tools/arm-none-eabi-gcc/6-2017-q2-update/bin/../lib/gcc/arm-none-eabi/6.3.1/../../../../arm-none-eabi/lib/thumb/v7-m\libc.a(lib_a-freer.o)
                0x08006e34                _free_r
 .text.__retarget_lock_acquire_recursive
                0x08007000        0x4 c:/users/kris7/appdata/local/arduino15/packages/stm32/tools/arm-none-eabi-gcc/6-2017-q2-update/bin/../lib/gcc/arm-none-eabi/6.3.1/../../../../arm-none-eabi/lib/thumb/v7-m\libc.a(lib_a-lock.o)
                0x08007000                __retarget_lock_acquire_recursive
 .text.__retarget_lock_release_recursive
                0x08007004        0x4 c:/users/kris7/appdata/local/arduino15/packages/stm32/tools/arm-none-eabi-gcc/6-2017-q2-update/bin/../lib/gcc/arm-none-eabi/6.3.1/../../../../arm-none-eabi/lib/thumb/v7-m\libc.a(lib_a-lock.o)
                0x08007004                __retarget_lock_release_recursive
 .text.__register_exitproc
                0x08007008       0xc4 c:/users/kris7/appdata/local/arduino15/packages/stm32/tools/arm-none-eabi-gcc/6-2017-q2-update/bin/../lib/gcc/arm-none-eabi/6.3.1/../../../../arm-none-eabi/lib/thumb/v7-m\libc.a(lib_a-__atexit.o)
                0x08007008                __register_exitproc
 *(.plt)
 *(.gnu.warning)
 *(.glue_7t)
 .glue_7t       0x080070cc        0x0 linker stubs
 *(.glue_7)
 .glue_7        0x080070cc        0x0 linker stubs
 *(.vfp11_veneer)
 .vfp11_veneer  0x080070cc        0x0 linker stubs
 *(.ARM.extab* .gnu.linkonce.armextab.*)
 *(.gcc_except_table)
 *(.eh_frame_hdr)
 *(.eh_frame)
 .eh_frame      0x080070cc        0x0 c:/users/kris7/appdata/local/arduino15/packages/stm32/tools/arm-none-eabi-gcc/6-2017-q2-update/bin/../lib/gcc/arm-none-eabi/6.3.1/thumb/v7-m/crtbegin.o
                0x080070cc                . = ALIGN (0x4)
 *(.init)
 .init          0x080070cc        0x4 c:/users/kris7/appdata/local/arduino15/packages/stm32/tools/arm-none-eabi-gcc/6-2017-q2-update/bin/../lib/gcc/arm-none-eabi/6.3.1/thumb/v7-m/crti.o
                0x080070cc                _init
 .init          0x080070d0        0x8 c:/users/kris7/appdata/local/arduino15/packages/stm32/tools/arm-none-eabi-gcc/6-2017-q2-update/bin/../lib/gcc/arm-none-eabi/6.3.1/thumb/v7-m/crtn.o
                0x080070d8                . = ALIGN (0x4)
                0x080070d8                __preinit_array_start = .
 *(.preinit_array)
                0x080070d8                __preinit_array_end = .
                0x080070d8                . = ALIGN (0x4)
                0x080070d8                __init_array_start = .
 *(SORT(.init_array.*))
 .init_array.00000
                0x080070d8        0x4 c:/users/kris7/appdata/local/arduino15/packages/stm32/tools/arm-none-eabi-gcc/6-2017-q2-update/bin/../lib/gcc/arm-none-eabi/6.3.1/../../../../arm-none-eabi/lib/thumb/v7-m\libc.a(lib_a-__call_atexit.o)
 .init_array.00101
                0x080070dc        0x4 C:\Users\kris7\AppData\Local\Temp\VMBuilds\ArduLED Arduino\Arduino_STM32_genericSTM32F103C\Debug\core.a(main.cpp.o)
 *(.init_array)
 .init_array    0x080070e0        0x4 c:/users/kris7/appdata/local/arduino15/packages/stm32/tools/arm-none-eabi-gcc/6-2017-q2-update/bin/../lib/gcc/arm-none-eabi/6.3.1/thumb/v7-m/crtbegin.o
 .init_array    0x080070e4        0x4 C:\Users\kris7\AppData\Local\Temp\VMBCore\arduino16x\9a1ba5d1810806fb6f8c5362d40e1c52\variant\board.cpp.o
 .init_array    0x080070e8        0x4 C:\Users\kris7\AppData\Local\Temp\VMBuilds\ArduLED Arduino\Arduino_STM32_genericSTM32F103C\Debug\core.a(usb_serial.cpp.o)
                0x080070ec                __init_array_end = .
                0x080070ec                . = ALIGN (0x4)
 *crtbegin.o(.ctors)
 *(EXCLUDE_FILE(*crtend.o) .ctors)
 *(SORT(.ctors.*))
 *crtend.o(.ctors)
                0x080070ec                . = ALIGN (0x4)
 *(.fini)
 .fini          0x080070ec        0x4 c:/users/kris7/appdata/local/arduino15/packages/stm32/tools/arm-none-eabi-gcc/6-2017-q2-update/bin/../lib/gcc/arm-none-eabi/6.3.1/thumb/v7-m/crti.o
                0x080070ec                _fini
 .fini          0x080070f0        0x8 c:/users/kris7/appdata/local/arduino15/packages/stm32/tools/arm-none-eabi-gcc/6-2017-q2-update/bin/../lib/gcc/arm-none-eabi/6.3.1/thumb/v7-m/crtn.o
                0x080070f8                . = ALIGN (0x4)
                0x080070f8                __fini_array_start = .
 *(.fini_array)
 .fini_array    0x080070f8        0x4 c:/users/kris7/appdata/local/arduino15/packages/stm32/tools/arm-none-eabi-gcc/6-2017-q2-update/bin/../lib/gcc/arm-none-eabi/6.3.1/thumb/v7-m/crtbegin.o
 *(SORT(.fini_array.*))
                0x080070fc                __fini_array_end = .
 *crtbegin.o(.dtors)
 *(EXCLUDE_FILE(*crtend.o) .dtors)
 *(SORT(.dtors.*))
 *crtend.o(.dtors)

.v4_bx          0x080070fc        0x0
 .v4_bx         0x080070fc        0x0 linker stubs

.iplt           0x080070fc        0x0
 .iplt          0x080070fc        0x0 c:/users/kris7/appdata/local/arduino15/packages/stm32/tools/arm-none-eabi-gcc/6-2017-q2-update/bin/../lib/gcc/arm-none-eabi/6.3.1/thumb/v7-m/crtbegin.o

.text.align     0x080070fc        0x4
                0x08007100                . = ALIGN (0x8)
 *fill*         0x080070fc        0x4 
                0x08007100                __text_end__ = .
                0x08007100                __exidx_start = .

.ARM.exidx      0x08007100        0x8
 *(.ARM.exidx* .gnu.linkonce.armexidx.*)
 .ARM.exidx     0x08007100        0x8 C:\Users\kris7\AppData\Local\Temp\VMBCore\arduino16x\9a1ba5d1810806fb6f8c5362d40e1c52\variant\start.S.o
 .ARM.exidx     0x08007108        0x0 c:/users/kris7/appdata/local/arduino15/packages/stm32/tools/arm-none-eabi-gcc/6-2017-q2-update/bin/../lib/gcc/arm-none-eabi/6.3.1/thumb/v7-m\libgcc.a(_udivmoddi4.o)
                                  0x8 (size before relaxing)
                0x08007108                __exidx_end = .

.data           0x20000000      0xde8 load address 0x08007108
                0x20000000                __data_start__ = .
                0x20000000        0x4 LONG 0x0
                0x20000008                . = ALIGN (0x8)
 *fill*         0x20000004        0x4 
 *(.got.plt)
 *(.got)
 *(.data .data.* .gnu.linkonce.d.*)
 .data._ZN6wirish4priv15w_board_pll_cfgE
                0x20000008        0x8 C:\Users\kris7\AppData\Local\Temp\VMBCore\arduino16x\9a1ba5d1810806fb6f8c5362d40e1c52\variant\boards_setup.cpp.o
                0x20000008                wirish::priv::w_board_pll_cfg
 .data._ZN6wirish4priv9w_adc_preE
                0x20000010        0x2 C:\Users\kris7\AppData\Local\Temp\VMBCore\arduino16x\9a1ba5d1810806fb6f8c5362d40e1c52\variant\boards_setup.cpp.o
                0x20000010                wirish::priv::w_adc_pre
 .data._ZN6wirish4priv9w_adc_smpE
                0x20000012        0x1 C:\Users\kris7\AppData\Local\Temp\VMBCore\arduino16x\9a1ba5d1810806fb6f8c5362d40e1c52\variant\boards_setup.cpp.o
                0x20000012                wirish::priv::w_adc_smp
 *fill*         0x20000013        0x1 
 .data._ZN6wirish4privL8pll_dataE
                0x20000014        0x4 C:\Users\kris7\AppData\Local\Temp\VMBCore\arduino16x\9a1ba5d1810806fb6f8c5362d40e1c52\variant\boards_setup.cpp.o
 .data.ADC1     0x20000018        0x4 C:\Users\kris7\AppData\Local\Temp\VMBuilds\ArduLED Arduino\Arduino_STM32_genericSTM32F103C\Debug\core.a(adc_f1.c.o)
                0x20000018                ADC1
 .data.ADC2     0x2000001c        0x4 C:\Users\kris7\AppData\Local\Temp\VMBuilds\ArduLED Arduino\Arduino_STM32_genericSTM32F103C\Debug\core.a(adc_f1.c.o)
                0x2000001c                ADC2
 .data.adc1     0x20000020       0x18 C:\Users\kris7\AppData\Local\Temp\VMBuilds\ArduLED Arduino\Arduino_STM32_genericSTM32F103C\Debug\core.a(adc_f1.c.o)
                0x20000020                adc1
 .data.adc2     0x20000038        0x8 C:\Users\kris7\AppData\Local\Temp\VMBuilds\ArduLED Arduino\Arduino_STM32_genericSTM32F103C\Debug\core.a(adc_f1.c.o)
                0x20000038                adc2
 .data.DMA1     0x20000040        0x4 C:\Users\kris7\AppData\Local\Temp\VMBuilds\ArduLED Arduino\Arduino_STM32_genericSTM32F103C\Debug\core.a(dma_f1.c.o)
                0x20000040                DMA1
 .data.dma1     0x20000044       0x40 C:\Users\kris7\AppData\Local\Temp\VMBuilds\ArduLED Arduino\Arduino_STM32_genericSTM32F103C\Debug\core.a(dma_f1.c.o)
 .data.gpioa    0x20000084        0x8 C:\Users\kris7\AppData\Local\Temp\VMBuilds\ArduLED Arduino\Arduino_STM32_genericSTM32F103C\Debug\core.a(gpio_f1.c.o)
                0x20000084                gpioa
 .data.gpiob    0x2000008c        0x8 C:\Users\kris7\AppData\Local\Temp\VMBuilds\ArduLED Arduino\Arduino_STM32_genericSTM32F103C\Debug\core.a(gpio_f1.c.o)
                0x2000008c                gpiob
 .data.gpioc    0x20000094        0x8 C:\Users\kris7\AppData\Local\Temp\VMBuilds\ArduLED Arduino\Arduino_STM32_genericSTM32F103C\Debug\core.a(gpio_f1.c.o)
                0x20000094                gpioc
 .data.gpiod    0x2000009c        0x8 C:\Users\kris7\AppData\Local\Temp\VMBuilds\ArduLED Arduino\Arduino_STM32_genericSTM32F103C\Debug\core.a(gpio_f1.c.o)
                0x2000009c                gpiod
 .data.i2c1     0x200000a4       0x24 C:\Users\kris7\AppData\Local\Temp\VMBuilds\ArduLED Arduino\Arduino_STM32_genericSTM32F103C\Debug\core.a(i2c_f1.c.o)
 .data.i2c2     0x200000c8       0x24 C:\Users\kris7\AppData\Local\Temp\VMBuilds\ArduLED Arduino\Arduino_STM32_genericSTM32F103C\Debug\core.a(i2c_f1.c.o)
 .data.enable_regs.4468
                0x200000ec        0xc C:\Users\kris7\AppData\Local\Temp\VMBuilds\ArduLED Arduino\Arduino_STM32_genericSTM32F103C\Debug\core.a(rcc_f1.c.o)
 .data.enable_regs.4481
                0x200000f8        0xc C:\Users\kris7\AppData\Local\Temp\VMBuilds\ArduLED Arduino\Arduino_STM32_genericSTM32F103C\Debug\core.a(rcc_f1.c.o)
 .data.reset_regs.4472
                0x20000104        0x8 C:\Users\kris7\AppData\Local\Temp\VMBuilds\ArduLED Arduino\Arduino_STM32_genericSTM32F103C\Debug\core.a(rcc_f1.c.o)
 .data.timer1   0x2000010c       0x28 C:\Users\kris7\AppData\Local\Temp\VMBuilds\ArduLED Arduino\Arduino_STM32_genericSTM32F103C\Debug\core.a(timer.c.o)
                0x2000010c                timer1
 .data.timer2   0x20000134       0x24 C:\Users\kris7\AppData\Local\Temp\VMBuilds\ArduLED Arduino\Arduino_STM32_genericSTM32F103C\Debug\core.a(timer.c.o)
                0x20000134                timer2
 .data.timer3   0x20000158       0x24 C:\Users\kris7\AppData\Local\Temp\VMBuilds\ArduLED Arduino\Arduino_STM32_genericSTM32F103C\Debug\core.a(timer.c.o)
                0x20000158                timer3
 .data.timer4   0x2000017c       0x24 C:\Users\kris7\AppData\Local\Temp\VMBuilds\ArduLED Arduino\Arduino_STM32_genericSTM32F103C\Debug\core.a(timer.c.o)
                0x2000017c                timer4
 .data.USART1   0x200001a0        0x4 C:\Users\kris7\AppData\Local\Temp\VMBuilds\ArduLED Arduino\Arduino_STM32_genericSTM32F103C\Debug\core.a(usart_f1.c.o)
                0x200001a0                USART1
 .data.USART2   0x200001a4        0x4 C:\Users\kris7\AppData\Local\Temp\VMBuilds\ArduLED Arduino\Arduino_STM32_genericSTM32F103C\Debug\core.a(usart_f1.c.o)
                0x200001a4                USART2
 .data.USART3   0x200001a8        0x4 C:\Users\kris7\AppData\Local\Temp\VMBuilds\ArduLED Arduino\Arduino_STM32_genericSTM32F103C\Debug\core.a(usart_f1.c.o)
                0x200001a8                USART3
 .data.usart1   0x200001ac       0x94 C:\Users\kris7\AppData\Local\Temp\VMBuilds\ArduLED Arduino\Arduino_STM32_genericSTM32F103C\Debug\core.a(usart_f1.c.o)
 .data.usart2   0x20000240       0x94 C:\Users\kris7\AppData\Local\Temp\VMBuilds\ArduLED Arduino\Arduino_STM32_genericSTM32F103C\Debug\core.a(usart_f1.c.o)
 .data.usart3   0x200002d4       0x94 C:\Users\kris7\AppData\Local\Temp\VMBuilds\ArduLED Arduino\Arduino_STM32_genericSTM32F103C\Debug\core.a(usart_f1.c.o)
 .data.USBLIB   0x20000368        0x4 C:\Users\kris7\AppData\Local\Temp\VMBuilds\ArduLED Arduino\Arduino_STM32_genericSTM32F103C\Debug\core.a(usb.c.o)
                0x20000368                USBLIB
 .data.usblib   0x2000036c       0x10 C:\Users\kris7\AppData\Local\Temp\VMBuilds\ArduLED Arduino\Arduino_STM32_genericSTM32F103C\Debug\core.a(usb.c.o)
 .data.Config_Descriptor
                0x2000037c        0x8 C:\Users\kris7\AppData\Local\Temp\VMBuilds\ArduLED Arduino\Arduino_STM32_genericSTM32F103C\Debug\core.a(usb_cdcacm.c.o)
 .data.Device_Descriptor
                0x20000384        0x8 C:\Users\kris7\AppData\Local\Temp\VMBuilds\ArduLED Arduino\Arduino_STM32_genericSTM32F103C\Debug\core.a(usb_cdcacm.c.o)
 .data.Device_Property
                0x2000038c       0x30 C:\Users\kris7\AppData\Local\Temp\VMBuilds\ArduLED Arduino\Arduino_STM32_genericSTM32F103C\Debug\core.a(usb_cdcacm.c.o)
                0x2000038c                Device_Property
 .data.Device_Table
                0x200003bc        0x2 C:\Users\kris7\AppData\Local\Temp\VMBuilds\ArduLED Arduino\Arduino_STM32_genericSTM32F103C\Debug\core.a(usb_cdcacm.c.o)
                0x200003bc                Device_Table
 *fill*         0x200003be        0x2 
 .data.String_Descriptor
                0x200003c0       0x18 C:\Users\kris7\AppData\Local\Temp\VMBuilds\ArduLED Arduino\Arduino_STM32_genericSTM32F103C\Debug\core.a(usb_cdcacm.c.o)
 .data.User_Standard_Requests
                0x200003d8       0x24 C:\Users\kris7\AppData\Local\Temp\VMBuilds\ArduLED Arduino\Arduino_STM32_genericSTM32F103C\Debug\core.a(usb_cdcacm.c.o)
                0x200003d8                User_Standard_Requests
 .data.ep_int_in
                0x200003fc       0x1c C:\Users\kris7\AppData\Local\Temp\VMBuilds\ArduLED Arduino\Arduino_STM32_genericSTM32F103C\Debug\core.a(usb_cdcacm.c.o)
 .data.ep_int_out
                0x20000418       0x1c C:\Users\kris7\AppData\Local\Temp\VMBuilds\ArduLED Arduino\Arduino_STM32_genericSTM32F103C\Debug\core.a(usb_cdcacm.c.o)
 .data.line_coding
                0x20000434        0x7 C:\Users\kris7\AppData\Local\Temp\VMBuilds\ArduLED Arduino\Arduino_STM32_genericSTM32F103C\Debug\core.a(usb_cdcacm.c.o)
 *fill*         0x2000043b        0x1 
 .data._impure_ptr
                0x2000043c        0x4 c:/users/kris7/appdata/local/arduino15/packages/stm32/tools/arm-none-eabi-gcc/6-2017-q2-update/bin/../lib/gcc/arm-none-eabi/6.3.1/../../../../arm-none-eabi/lib/thumb/v7-m\libc.a(lib_a-impure.o)
                0x2000043c                _impure_ptr
 .data.impure_data
                0x20000440      0x428 c:/users/kris7/appdata/local/arduino15/packages/stm32/tools/arm-none-eabi-gcc/6-2017-q2-update/bin/../lib/gcc/arm-none-eabi/6.3.1/../../../../arm-none-eabi/lib/thumb/v7-m\libc.a(lib_a-impure.o)
 .data.__global_locale
                0x20000868      0x16c c:/users/kris7/appdata/local/arduino15/packages/stm32/tools/arm-none-eabi-gcc/6-2017-q2-update/bin/../lib/gcc/arm-none-eabi/6.3.1/../../../../arm-none-eabi/lib/thumb/v7-m\libc.a(lib_a-locale.o)
                0x20000868                __global_locale
 .data.__malloc_av_
                0x200009d4      0x408 c:/users/kris7/appdata/local/arduino15/packages/stm32/tools/arm-none-eabi-gcc/6-2017-q2-update/bin/../lib/gcc/arm-none-eabi/6.3.1/../../../../arm-none-eabi/lib/thumb/v7-m\libc.a(lib_a-mallocr.o)
                0x200009d4                __malloc_av_
 .data.__malloc_sbrk_base
                0x20000ddc        0x4 c:/users/kris7/appdata/local/arduino15/packages/stm32/tools/arm-none-eabi-gcc/6-2017-q2-update/bin/../lib/gcc/arm-none-eabi/6.3.1/../../../../arm-none-eabi/lib/thumb/v7-m\libc.a(lib_a-mallocr.o)
                0x20000ddc                __malloc_sbrk_base
 .data.__malloc_trim_threshold
                0x20000de0        0x4 c:/users/kris7/appdata/local/arduino15/packages/stm32/tools/arm-none-eabi-gcc/6-2017-q2-update/bin/../lib/gcc/arm-none-eabi/6.3.1/../../../../arm-none-eabi/lib/thumb/v7-m\libc.a(lib_a-mallocr.o)
                0x20000de0                __malloc_trim_threshold
 .data.__atexit_recursive_mutex
                0x20000de4        0x4 c:/users/kris7/appdata/local/arduino15/packages/stm32/tools/arm-none-eabi-gcc/6-2017-q2-update/bin/../lib/gcc/arm-none-eabi/6.3.1/../../../../arm-none-eabi/lib/thumb/v7-m\libc.a(lib_a-__call_atexit.o)
                0x20000de4                __atexit_recursive_mutex
                0x20000de8                . = ALIGN (0x8)
                0x20000de8                __data_end__ = .

.jcr            0x20000de8        0x0 load address 0x08007ef0
 .jcr           0x20000de8        0x0 c:/users/kris7/appdata/local/arduino15/packages/stm32/tools/arm-none-eabi-gcc/6-2017-q2-update/bin/../lib/gcc/arm-none-eabi/6.3.1/thumb/v7-m/crtbegin.o

.igot.plt       0x20000de8        0x0 load address 0x08007ef0
 .igot.plt      0x20000de8        0x0 c:/users/kris7/appdata/local/arduino15/packages/stm32/tools/arm-none-eabi-gcc/6-2017-q2-update/bin/../lib/gcc/arm-none-eabi/6.3.1/thumb/v7-m/crtbegin.o

.rodata         0x08007ef0      0x488
 *(.rodata .rodata.* .gnu.linkonce.r.*)
 .rodata._Z5setupv.str1.1
                0x08007ef0        0x2 C:\Users\kris7\AppData\Local\Temp\VMBuilds\ArduLED Arduino\Arduino_STM32_genericSTM32F103C\Debug\ArduLED Arduino.cpp.o
 *fill*         0x08007ef2        0x2 
 .rodata.PIN_MAP
                0x08007ef4      0x230 C:\Users\kris7\AppData\Local\Temp\VMBCore\arduino16x\9a1ba5d1810806fb6f8c5362d40e1c52\variant\board.cpp.o
                0x08007ef4                PIN_MAP
 .rodata.GPIOC  0x08008124        0x4 C:\Users\kris7\AppData\Local\Temp\VMBuilds\ArduLED Arduino\Arduino_STM32_genericSTM32F103C\Debug\core.a(gpio_f1.c.o)
                0x08008124                GPIOC
 .rodata.masks.4477
                0x08008128       0x14 C:\Users\kris7\AppData\Local\Temp\VMBuilds\ArduLED Arduino\Arduino_STM32_genericSTM32F103C\Debug\core.a(rcc_f1.c.o)
 .rodata.rcc_dev_table
                0x0800813c       0x5c C:\Users\kris7\AppData\Local\Temp\VMBuilds\ArduLED Arduino\Arduino_STM32_genericSTM32F103C\Debug\core.a(rcc_f1.c.o)
                0x0800813c                rcc_dev_table
 .rodata.usbVcomDescriptor_Config
                0x08008198       0x43 C:\Users\kris7\AppData\Local\Temp\VMBuilds\ArduLED Arduino\Arduino_STM32_genericSTM32F103C\Debug\core.a(usb_cdcacm.c.o)
 .rodata.usbVcomDescriptor_Device
                0x080081db       0x12 C:\Users\kris7\AppData\Local\Temp\VMBuilds\ArduLED Arduino\Arduino_STM32_genericSTM32F103C\Debug\core.a(usb_cdcacm.c.o)
 .rodata.usbVcomDescriptor_LangID
                0x080081ed        0x4 C:\Users\kris7\AppData\Local\Temp\VMBuilds\ArduLED Arduino\Arduino_STM32_genericSTM32F103C\Debug\core.a(usb_cdcacm.c.o)
 .rodata.usbVcomDescriptor_iManufacturer
                0x080081f1       0x12 C:\Users\kris7\AppData\Local\Temp\VMBuilds\ArduLED Arduino\Arduino_STM32_genericSTM32F103C\Debug\core.a(usb_cdcacm.c.o)
 .rodata.usbVcomDescriptor_iProduct
                0x08008203        0xc C:\Users\kris7\AppData\Local\Temp\VMBuilds\ArduLED Arduino\Arduino_STM32_genericSTM32F103C\Debug\core.a(usb_cdcacm.c.o)
 *fill*         0x0800820f        0x1 
 .rodata._ZTV14HardwareSerial
                0x08008210       0x24 C:\Users\kris7\AppData\Local\Temp\VMBuilds\ArduLED Arduino\Arduino_STM32_genericSTM32F103C\Debug\core.a(HardwareSerial.cpp.o)
                0x08008210                vtable for HardwareSerial
 .rodata._ZTV9USBSerial
                0x08008234       0x24 C:\Users\kris7\AppData\Local\Temp\VMBuilds\ArduLED Arduino\Arduino_STM32_genericSTM32F103C\Debug\core.a(usb_serial.cpp.o)
                0x08008234                vtable for USBSerial
 .rodata._global_impure_ptr
                0x08008258        0x4 c:/users/kris7/appdata/local/arduino15/packages/stm32/tools/arm-none-eabi-gcc/6-2017-q2-update/bin/../lib/gcc/arm-none-eabi/6.3.1/../../../../arm-none-eabi/lib/thumb/v7-m\libc.a(lib_a-impure.o)
                0x08008258                _global_impure_ptr
 .rodata._setlocale_r.str1.4
                0x0800825c        0xd c:/users/kris7/appdata/local/arduino15/packages/stm32/tools/arm-none-eabi-gcc/6-2017-q2-update/bin/../lib/gcc/arm-none-eabi/6.3.1/../../../../arm-none-eabi/lib/thumb/v7-m\libc.a(lib_a-locale.o)
 *fill*         0x08008269        0x3 
 .rodata.str1.4
                0x0800826c        0x4 c:/users/kris7/appdata/local/arduino15/packages/stm32/tools/arm-none-eabi-gcc/6-2017-q2-update/bin/../lib/gcc/arm-none-eabi/6.3.1/../../../../arm-none-eabi/lib/thumb/v7-m\libc.a(lib_a-locale.o)
                                  0x2 (size before relaxing)
 .rodata._ctype_
                0x08008270      0x101 c:/users/kris7/appdata/local/arduino15/packages/stm32/tools/arm-none-eabi-gcc/6-2017-q2-update/bin/../lib/gcc/arm-none-eabi/6.3.1/../../../../arm-none-eabi/lib/thumb/v7-m\libc.a(lib_a-ctype_.o)
                0x08008270                _ctype_
 *(.USER_FLASH)
                0x08008374                . = ALIGN (0x4)
 *fill*         0x08008371        0x3 
                0x08008374                _lm_rom_img_cfgp = .
                0x08008374        0x4 LONG 0x8007108 LOADADDR (.data)
                0x200011f8                _lm_heap_start = DEFINED (_lm_heap_start)?_lm_heap_start:_end
                0x20005000                _lm_heap_end = DEFINED (_lm_heap_end)?_lm_heap_end:__msp_init

.rel.dyn        0x08008378        0x0
 .rel.iplt      0x08008378        0x0 c:/users/kris7/appdata/local/arduino15/packages/stm32/tools/arm-none-eabi-gcc/6-2017-q2-update/bin/../lib/gcc/arm-none-eabi/6.3.1/thumb/v7-m/crtbegin.o

.bss            0x20000de8      0x410
                0x20000de8                . = ALIGN (0x8)
                0x20000de8                __bss_start__ = .
 *(.bss .bss.* .gnu.linkonce.b.*)
 .bss           0x20000de8       0x1c c:/users/kris7/appdata/local/arduino15/packages/stm32/tools/arm-none-eabi-gcc/6-2017-q2-update/bin/../lib/gcc/arm-none-eabi/6.3.1/thumb/v7-m/crtbegin.o
 .bss.endTime   0x20000e04        0x4 C:\Users\kris7\AppData\Local\Temp\VMBuilds\ArduLED Arduino\Arduino_STM32_genericSTM32F103C\Debug\ArduLED Arduino.cpp.o
                0x20000e04                endTime
 .bss.Serial1   0x20000e08       0x18 C:\Users\kris7\AppData\Local\Temp\VMBCore\arduino16x\9a1ba5d1810806fb6f8c5362d40e1c52\variant\board.cpp.o
                0x20000e08                Serial1
 .bss.Serial2   0x20000e20       0x18 C:\Users\kris7\AppData\Local\Temp\VMBCore\arduino16x\9a1ba5d1810806fb6f8c5362d40e1c52\variant\board.cpp.o
                0x20000e20                Serial2
 .bss.Serial3   0x20000e38       0x18 C:\Users\kris7\AppData\Local\Temp\VMBCore\arduino16x\9a1ba5d1810806fb6f8c5362d40e1c52\variant\board.cpp.o
                0x20000e38                Serial3
 .bss.pbreak.4607
                0x20000e50        0x4 C:\Users\kris7\AppData\Local\Temp\VMBCore\arduino16x\9a1ba5d1810806fb6f8c5362d40e1c52\variant\syscalls.c.o
 .bss.exti_channels
                0x20000e54       0x80 C:\Users\kris7\AppData\Local\Temp\VMBuilds\ArduLED Arduino\Arduino_STM32_genericSTM32F103C\Debug\core.a(exti.c.o)
 .bss.systick_user_callback
                0x20000ed4        0x4 C:\Users\kris7\AppData\Local\Temp\VMBuilds\ArduLED Arduino\Arduino_STM32_genericSTM32F103C\Debug\core.a(systick.c.o)
 .bss.usart1_rb
                0x20000ed8        0xc C:\Users\kris7\AppData\Local\Temp\VMBuilds\ArduLED Arduino\Arduino_STM32_genericSTM32F103C\Debug\core.a(usart_f1.c.o)
 .bss.usart1_wb
                0x20000ee4        0xc C:\Users\kris7\AppData\Local\Temp\VMBuilds\ArduLED Arduino\Arduino_STM32_genericSTM32F103C\Debug\core.a(usart_f1.c.o)
 .bss.usart2_rb
                0x20000ef0        0xc C:\Users\kris7\AppData\Local\Temp\VMBuilds\ArduLED Arduino\Arduino_STM32_genericSTM32F103C\Debug\core.a(usart_f1.c.o)
 .bss.usart2_wb
                0x20000efc        0xc C:\Users\kris7\AppData\Local\Temp\VMBuilds\ArduLED Arduino\Arduino_STM32_genericSTM32F103C\Debug\core.a(usart_f1.c.o)
 .bss.usart3_rb
                0x20000f08        0xc C:\Users\kris7\AppData\Local\Temp\VMBuilds\ArduLED Arduino\Arduino_STM32_genericSTM32F103C\Debug\core.a(usart_f1.c.o)
 .bss.usart3_wb
                0x20000f14        0xc C:\Users\kris7\AppData\Local\Temp\VMBuilds\ArduLED Arduino\Arduino_STM32_genericSTM32F103C\Debug\core.a(usart_f1.c.o)
 .bss.iface_setup_hook
                0x20000f20        0x4 C:\Users\kris7\AppData\Local\Temp\VMBuilds\ArduLED Arduino\Arduino_STM32_genericSTM32F103C\Debug\core.a(usb_cdcacm.c.o)
 .bss.line_dtr_rts
                0x20000f24        0x1 C:\Users\kris7\AppData\Local\Temp\VMBuilds\ArduLED Arduino\Arduino_STM32_genericSTM32F103C\Debug\core.a(usb_cdcacm.c.o)
 *fill*         0x20000f25        0x3 
 .bss.rx_head   0x20000f28        0x4 C:\Users\kris7\AppData\Local\Temp\VMBuilds\ArduLED Arduino\Arduino_STM32_genericSTM32F103C\Debug\core.a(usb_cdcacm.c.o)
 .bss.rx_hook   0x20000f2c        0x4 C:\Users\kris7\AppData\Local\Temp\VMBuilds\ArduLED Arduino\Arduino_STM32_genericSTM32F103C\Debug\core.a(usb_cdcacm.c.o)
 .bss.rx_tail   0x20000f30        0x4 C:\Users\kris7\AppData\Local\Temp\VMBuilds\ArduLED Arduino\Arduino_STM32_genericSTM32F103C\Debug\core.a(usb_cdcacm.c.o)
 .bss.transmitting
                0x20000f34        0x1 C:\Users\kris7\AppData\Local\Temp\VMBuilds\ArduLED Arduino\Arduino_STM32_genericSTM32F103C\Debug\core.a(usb_cdcacm.c.o)
 *fill*         0x20000f35        0x3 
 .bss.tx_head   0x20000f38        0x4 C:\Users\kris7\AppData\Local\Temp\VMBuilds\ArduLED Arduino\Arduino_STM32_genericSTM32F103C\Debug\core.a(usb_cdcacm.c.o)
 .bss.tx_tail   0x20000f3c        0x4 C:\Users\kris7\AppData\Local\Temp\VMBuilds\ArduLED Arduino\Arduino_STM32_genericSTM32F103C\Debug\core.a(usb_cdcacm.c.o)
 .bss.vcomBufferRx
                0x20000f40      0x100 C:\Users\kris7\AppData\Local\Temp\VMBuilds\ArduLED Arduino\Arduino_STM32_genericSTM32F103C\Debug\core.a(usb_cdcacm.c.o)
 .bss.vcomBufferTx
                0x20001040      0x100 C:\Users\kris7\AppData\Local\Temp\VMBuilds\ArduLED Arduino\Arduino_STM32_genericSTM32F103C\Debug\core.a(usb_cdcacm.c.o)
 .bss.Data_Mul_MaxPacketSize
                0x20001140        0x1 C:\Users\kris7\AppData\Local\Temp\VMBuilds\ArduLED Arduino\Arduino_STM32_genericSTM32F103C\Debug\core.a(usb_core.c.o)
                0x20001140                Data_Mul_MaxPacketSize
 *fill*         0x20001141        0x3 
 .bss.Serial    0x20001144       0x10 C:\Users\kris7\AppData\Local\Temp\VMBuilds\ArduLED Arduino\Arduino_STM32_genericSTM32F103C\Debug\core.a(usb_serial.cpp.o)
                0x20001144                Serial
 .bss._ZL11reset_state
                0x20001154        0x1 C:\Users\kris7\AppData\Local\Temp\VMBuilds\ArduLED Arduino\Arduino_STM32_genericSTM32F103C\Debug\core.a(usb_serial.cpp.o)
 .bss._ZN9USBSerial9_hasBegunE
                0x20001155        0x1 C:\Users\kris7\AppData\Local\Temp\VMBuilds\ArduLED Arduino\Arduino_STM32_genericSTM32F103C\Debug\core.a(usb_serial.cpp.o)
                0x20001155                USBSerial::_hasBegun